Found "C:\Users\varun\E-commerce-shoes-Website\eshop\.mvn\wrapper\maven-wrapper.jar"
00:39:52.906 [main] DEBUG org.springframework.test.context.junit4.SpringJUnit4ClassRunner - SpringJUnit4ClassRunner constructor called with [class com.nico.store.store.repository.ArticleRepositoryTest]
00:39:52.913 [main] DEBUG org.springframework.test.context.BootstrapUtils - Instantiating CacheAwareContextLoaderDelegate from class [org.springframework.test.context.cache.DefaultCacheAwareContextLoaderDelegate]
00:39:52.926 [main] DEBUG org.springframework.test.context.BootstrapUtils - Instantiating BootstrapContext using constructor [public org.springframework.test.context.support.DefaultBootstrapContext(java.lang.Class,org.springframework.test.context.CacheAwareContextLoaderDelegate)]
00:39:52.963 [main] DEBUG org.springframework.test.context.BootstrapUtils - Instantiating TestContextBootstrapper for test class [com.nico.store.store.repository.ArticleRepositoryTest] from class [org.springframework.boot.test.autoconfigure.orm.jpa.DataJpaTestContextBootstrapper]
00:39:52.994 [main] INFO org.springframework.boot.test.autoconfigure.orm.jpa.DataJpaTestContextBootstrapper - Neither @ContextConfiguration nor @ContextHierarchy found for test class [com.nico.store.store.repository.ArticleRepositoryTest], using SpringBootContextLoader
00:39:52.999 [main] DEBUG org.springframework.test.context.support.AbstractContextLoader - Did not detect default resource location for test class [com.nico.store.store.repository.ArticleRepositoryTest]: class path resource [com/nico/store/store/repository/ArticleRepositoryTest-context.xml] does not exist
00:39:53.000 [main] DEBUG org.springframework.test.context.support.AbstractContextLoader - Did not detect default resource location for test class [com.nico.store.store.repository.ArticleRepositoryTest]: class path resource [com/nico/store/store/repository/ArticleRepositoryTestContext.groovy] does not exist
00:39:53.001 [main] INFO org.springframework.test.context.support.AbstractContextLoader - Could not detect default resource locations for test class [com.nico.store.store.repository.ArticleRepositoryTest]: no resource found for suffixes {-context.xml, Context.groovy}.
00:39:53.002 [main] INFO org.springframework.test.context.support.AnnotationConfigContextLoaderUtils - Could not detect default configuration classes for test class [com.nico.store.store.repository.ArticleRepositoryTest]: ArticleRepositoryTest does not declare any static, non-private, non-final, nested classes annotated with @Configuration.
00:39:53.128 [main] DEBUG org.springframework.test.context.support.ActiveProfilesUtils - Could not find an 'annotation declaring class' for annotation type [org.springframework.test.context.ActiveProfiles] and class [com.nico.store.store.repository.ArticleRepositoryTest]
00:39:53.295 [main] DEBUG org.springframework.context.annotation.ClassPathScanningCandidateComponentProvider - Identified candidate component class: file [C:\Users\varun\E-commerce-shoes-Website\eshop\target\classes\com\nico\store\store\StoreApplication.class]
00:39:53.298 [main] INFO org.springframework.boot.test.context.SpringBootTestContextBootstrapper - Found @SpringBootConfiguration com.nico.store.store.StoreApplication for test class com.nico.store.store.repository.ArticleRepositoryTest
00:39:53.300 [main] DEBUG org.springframework.boot.test.autoconfigure.orm.jpa.DataJpaTestContextBootstrapper - @TestExecutionListeners is not present for class [com.nico.store.store.repository.ArticleRepositoryTest]: using defaults.
00:39:53.302 [main] INFO org.springframework.boot.test.autoconfigure.orm.jpa.DataJpaTestContextBootstrapper - Loaded default TestExecutionListener class names from location [META-INF/spring.factories]: [org.springframework.boot.test.mock.mockito.MockitoTestExecutionListener, org.springframework.boot.test.mock.mockito.ResetMocksTestExecutionListener, org.springframework.boot.test.autoconfigure.restdocs.RestDocsTestExecutionListener, org.springframework.boot.test.autoconfigure.web.client.MockRestServiceServerResetTestExecutionListener, org.springframework.boot.test.autoconfigure.web.servlet.MockMvcPrintOnlyOnFailureTestExecutionListener, org.springframework.boot.test.autoconfigure.web.servlet.WebDriverTestExecutionListener, org.springframework.test.context.web.ServletTestExecutionListener, org.springframework.test.context.support.DirtiesContextBeforeModesTestExecutionListener, org.springframework.test.context.support.DependencyInjectionTestExecutionListener, org.springframework.test.context.support.DirtiesContextTestExecutionListener, org.springframework.test.context.transaction.TransactionalTestExecutionListener, org.springframework.test.context.jdbc.SqlScriptsTestExecutionListener]
00:39:53.340 [main] INFO org.springframework.boot.test.autoconfigure.orm.jpa.DataJpaTestContextBootstrapper - Using TestExecutionListeners: [org.springframework.test.context.web.ServletTestExecutionListener@77eca502, org.springframework.test.context.support.DirtiesContextBeforeModesTestExecutionListener@3246fb96, org.springframework.boot.test.mock.mockito.MockitoTestExecutionListener@2e222612, org.springframework.boot.test.autoconfigure.SpringBootDependencyInjectionTestExecutionListener@61386958, org.springframework.test.context.support.DirtiesContextTestExecutionListener@73ee04c8, org.springframework.test.context.transaction.TransactionalTestExecutionListener@7671cb68, org.springframework.test.context.jdbc.SqlScriptsTestExecutionListener@49dc7102, org.springframework.boot.test.mock.mockito.ResetMocksTestExecutionListener@6b8ca3c8, org.springframework.boot.test.autoconfigure.restdocs.RestDocsTestExecutionListener@68c72235, org.springframework.boot.test.autoconfigure.web.client.MockRestServiceServerResetTestExecutionListener@10959ece, org.springframework.boot.test.autoconfigure.web.servlet.MockMvcPrintOnlyOnFailureTestExecutionListener@3a6bb9bf, org.springframework.boot.test.autoconfigure.web.servlet.WebDriverTestExecutionListener@34f7cfd9]
00:39:53.344 [main] DEBUG org.springframework.test.annotation.ProfileValueUtils - Retrieved @ProfileValueSourceConfiguration [null] for test class [com.nico.store.store.repository.ArticleRepositoryTest]
00:39:53.346 [main] DEBUG org.springframework.test.annotation.ProfileValueUtils - Retrieved ProfileValueSource type [class org.springframework.test.annotation.SystemProfileValueSource] for class [com.nico.store.store.repository.ArticleRepositoryTest]
00:39:53.348 [main] DEBUG org.springframework.test.annotation.ProfileValueUtils - Retrieved @ProfileValueSourceConfiguration [null] for test class [com.nico.store.store.repository.ArticleRepositoryTest]
00:39:53.349 [main] DEBUG org.springframework.test.annotation.ProfileValueUtils - Retrieved ProfileValueSource type [class org.springframework.test.annotation.SystemProfileValueSource] for class [com.nico.store.store.repository.ArticleRepositoryTest]
00:39:53.351 [main] DEBUG org.springframework.test.annotation.ProfileValueUtils - Retrieved @ProfileValueSourceConfiguration [null] for test class [com.nico.store.store.repository.ArticleRepositoryTest]
00:39:53.351 [main] DEBUG org.springframework.test.annotation.ProfileValueUtils - Retrieved ProfileValueSource type [class org.springframework.test.annotation.SystemProfileValueSource] for class [com.nico.store.store.repository.ArticleRepositoryTest]
00:39:53.361 [main] DEBUG org.springframework.test.context.support.AbstractDirtiesContextTestExecutionListener - Before test class: context [DefaultTestContext@31e5415e testClass = ArticleRepositoryTest, testInstance = [null], testMethod = [null], testException = [null], mergedContextConfiguration = [MergedContextConfiguration@a2431d0 testClass = ArticleRepositoryTest, locations = '{}', classes = '{class com.nico.store.store.StoreApplication}', contextInitializerClasses = '[]', activeProfiles = '{}', propertySourceLocations = '{}', propertySourceProperties = '{org.springframework.boot.test.autoconfigure.orm.jpa.DataJpaTestContextBootstrapper=true}', contextCustomizers = set[[ImportsContextCustomizer@1cbb87f3 key = [org.springframework.boot.autoconfigure.cache.CacheAutoConfiguration, org.springframework.boot.autoconfigure.data.jpa.JpaRepositoriesAutoConfiguration, org.springframework.boot.autoconfigure.flyway.FlywayAutoConfiguration, org.springframework.boot.autoconfigure.jdbc.DataSourceAutoConfiguration, org.springframework.boot.autoconfigure.jdbc.DataSourceTransactionManagerAutoConfiguration, org.springframework.boot.autoconfigure.jdbc.JdbcTemplateAutoConfiguration, org.springframework.boot.autoconfigure.liquibase.LiquibaseAutoConfiguration, org.springframework.boot.autoconfigure.orm.jpa.HibernateJpaAutoConfiguration, org.springframework.boot.autoconfigure.transaction.TransactionAutoConfiguration, org.springframework.boot.test.autoconfigure.jdbc.TestDatabaseAutoConfiguration, org.springframework.boot.test.autoconfigure.orm.jpa.TestEntityManagerAutoConfiguration]], org.springframework.boot.test.context.filter.ExcludeFilterContextCustomizer@323b36e0, org.springframework.boot.test.json.DuplicateJsonObjectContextCustomizerFactory$DuplicateJsonObjectContextCustomizer@2e005c4b, org.springframework.boot.test.mock.mockito.MockitoContextCustomizer@0, org.springframework.boot.test.autoconfigure.OverrideAutoConfigurationContextCustomizerFactory$DisableAutoConfigurationContextCustomizer@6d763516, org.springframework.boot.test.autoconfigure.filter.TypeExcludeFiltersContextCustomizer@351584c0, org.springframework.boot.test.autoconfigure.properties.PropertyMappingContextCustomizer@deb35b1f, org.springframework.boot.test.autoconfigure.web.servlet.WebDriverContextCustomizerFactory$Customizer@1b7cc17c], contextLoader = 'org.springframework.boot.test.context.SpringBootContextLoader', parent = [null]], attributes = map[[empty]]], class annotated with @DirtiesContext [false] with mode [null].
00:39:53.362 [main] DEBUG org.springframework.test.annotation.ProfileValueUtils - Retrieved @ProfileValueSourceConfiguration [null] for test class [com.nico.store.store.repository.ArticleRepositoryTest]
00:39:53.363 [main] DEBUG org.springframework.test.annotation.ProfileValueUtils - Retrieved ProfileValueSource type [class org.springframework.test.annotation.SystemProfileValueSource] for class [com.nico.store.store.repository.ArticleRepositoryTest]
00:39:53.381 [main] DEBUG org.springframework.test.context.support.DependencyInjectionTestExecutionListener - Performing dependency injection for test context [[DefaultTestContext@31e5415e testClass = ArticleRepositoryTest, testInstance = com.nico.store.store.repository.ArticleRepositoryTest@15aab8c6, testMethod = [null], testException = [null], mergedContextConfiguration = [MergedContextConfiguration@a2431d0 testClass = ArticleRepositoryTest, locations = '{}', classes = '{class com.nico.store.store.StoreApplication}', contextInitializerClasses = '[]', activeProfiles = '{}', propertySourceLocations = '{}', propertySourceProperties = '{org.springframework.boot.test.autoconfigure.orm.jpa.DataJpaTestContextBootstrapper=true}', contextCustomizers = set[[ImportsContextCustomizer@1cbb87f3 key = [org.springframework.boot.autoconfigure.cache.CacheAutoConfiguration, org.springframework.boot.autoconfigure.data.jpa.JpaRepositoriesAutoConfiguration, org.springframework.boot.autoconfigure.flyway.FlywayAutoConfiguration, org.springframework.boot.autoconfigure.jdbc.DataSourceAutoConfiguration, org.springframework.boot.autoconfigure.jdbc.DataSourceTransactionManagerAutoConfiguration, org.springframework.boot.autoconfigure.jdbc.JdbcTemplateAutoConfiguration, org.springframework.boot.autoconfigure.liquibase.LiquibaseAutoConfiguration, org.springframework.boot.autoconfigure.orm.jpa.HibernateJpaAutoConfiguration, org.springframework.boot.autoconfigure.transaction.TransactionAutoConfiguration, org.springframework.boot.test.autoconfigure.jdbc.TestDatabaseAutoConfiguration, org.springframework.boot.test.autoconfigure.orm.jpa.TestEntityManagerAutoConfiguration]], org.springframework.boot.test.context.filter.ExcludeFilterContextCustomizer@323b36e0, org.springframework.boot.test.json.DuplicateJsonObjectContextCustomizerFactory$DuplicateJsonObjectContextCustomizer@2e005c4b, org.springframework.boot.test.mock.mockito.MockitoContextCustomizer@0, org.springframework.boot.test.autoconfigure.OverrideAutoConfigurationContextCustomizerFactory$DisableAutoConfigurationContextCustomizer@6d763516, org.springframework.boot.test.autoconfigure.filter.TypeExcludeFiltersContextCustomizer@351584c0, org.springframework.boot.test.autoconfigure.properties.PropertyMappingContextCustomizer@deb35b1f, org.springframework.boot.test.autoconfigure.web.servlet.WebDriverContextCustomizerFactory$Customizer@1b7cc17c], contextLoader = 'org.springframework.boot.test.context.SpringBootContextLoader', parent = [null]], attributes = map[[empty]]]].
00:39:53.618 [main] DEBUG org.springframework.test.context.support.TestPropertySourceUtils - Adding inlined properties to environment: {spring.jmx.enabled=false, org.springframework.boot.test.autoconfigure.orm.jpa.DataJpaTestContextBootstrapper=true, server.port=-1}

  .   ____          _            __ _ _
 /\\ / ___'_ __ _ _(_)_ __  __ _ \ \ \ \
( ( )\___ | '_ | '_| | '_ \/ _` | \ \ \ \
 \\/  ___)| |_)| | | | | || (_| |  ) ) ) )
  '  |____| .__|_| |_|_| |_\__, | / / / /
 =========|_|==============|___/=/_/_/_/
 :: Spring Boot ::        (v2.1.3.RELEASE)

2026-07-12 00:39:54.128  INFO 9500 --- [           main] c.n.s.s.r.ArticleRepositoryTest          : Starting ArticleRepositoryTest on Varun with PID 9500 (started by varun in C:\Users\varun\E-commerce-shoes-Website\eshop)
2026-07-12 00:39:54.133  INFO 9500 --- [           main] c.n.s.s.r.ArticleRepositoryTest          : No active profile set, falling back to default profiles: default
2026-07-12 00:39:54.954  INFO 9500 --- [           main] .s.d.r.c.RepositoryConfigurationDelegate : Bootstrapping Spring Data repositories in DEFAULT mode.
2026-07-12 00:39:55.163  INFO 9500 --- [           main] .s.d.r.c.RepositoryConfigurationDelegate : Finished Spring Data repository scanning in 192ms. Found 5 repository interfaces.
2026-07-12 00:39:55.243  INFO 9500 --- [           main] beddedDataSourceBeanFactoryPostProcessor : Replacing 'dataSource' DataSource bean with embedded version
2026-07-12 00:39:55.889  INFO 9500 --- [           main] o.s.j.d.e.EmbeddedDatabaseFactory        : Starting embedded database: url='jdbc:h2:mem:cf358c03-9a1c-4ee8-886a-94624283ce44;DB_CLOSE_DELAY=-1;DB_CLOSE_ON_EXIT=false', username='sa'
2026-07-12 00:39:56.628  INFO 9500 --- [           main] o.hibernate.jpa.internal.util.LogHelper  : HHH000204: Processing PersistenceUnitInfo [
	name: default
	...]
2026-07-12 00:39:56.806  INFO 9500 --- [           main] org.hibernate.Version                    : HHH000412: Hibernate Core {5.3.7.Final}
2026-07-12 00:39:56.809  INFO 9500 --- [           main] org.hibernate.cfg.Environment            : HHH000206: hibernate.properties not found
2026-07-12 00:39:57.109  INFO 9500 --- [           main] o.hibernate.annotations.common.Version   : HCANN000001: Hibernate Commons Annotations {5.0.4.Final}
2026-07-12 00:39:57.399  INFO 9500 --- [           main] org.hibernate.dialect.Dialect            : HHH000400: Using dialect: org.hibernate.dialect.H2Dialect
Hibernate: drop table address if exists
Hibernate: drop table article if exists
Hibernate: drop table brand if exists
Hibernate: drop table cart_item if exists
Hibernate: drop table category if exists
Hibernate: drop table payment if exists
Hibernate: drop table role if exists
Hibernate: drop table shipping if exists
Hibernate: drop table size if exists
Hibernate: drop table user if exists
Hibernate: drop table user_order if exists
Hibernate: drop table user_role if exists
Hibernate: drop sequence if exists hibernate_sequence
Hibernate: create sequence hibernate_sequence start with 1 increment by 1
Hibernate: create table address (id bigint generated by default as identity, city varchar(255), country varchar(255), street_address varchar(255), zip_code varchar(255), primary key (id))
Hibernate: create table article (id bigint generated by default as identity, picture varchar(255), price double not null, stock integer not null, title varchar(255), primary key (id))
Hibernate: create table brand (id bigint generated by default as identity, name varchar(255), article_id bigint, primary key (id))
Hibernate: create table cart_item (id bigint generated by default as identity, qty integer not null, size varchar(255), article_id bigint, order_id bigint, user_id bigint, primary key (id))
Hibernate: create table category (id bigint generated by default as identity, name varchar(255), article_id bigint, primary key (id))
Hibernate: create table payment (id bigint generated by default as identity, card_name varchar(255), card_number varchar(255), cvc integer not null, expiry_month integer not null, expiry_year integer not null, holder_name varchar(255), type varchar(255), order_id bigint, primary key (id))
Hibernate: create table role (role_id bigint generated by default as identity, name varchar(255), primary key (role_id))
Hibernate: create table shipping (id bigint generated by default as identity, receiver varchar(255), address_id bigint, order_id bigint, primary key (id))
Hibernate: create table size (id bigint generated by default as identity, value varchar(255), article_id bigint, primary key (id))
Hibernate: create table user (id bigint generated by default as identity, email varchar(255) not null, first_name varchar(255), last_name varchar(255), password varchar(255), username varchar(255) not null, address_id bigint, primary key (id))
Hibernate: create table user_order (id bigint not null, order_date timestamp, order_status varchar(255), order_total decimal(19,2), shipping_date timestamp, payment_id bigint, shipping_id bigint, user_id bigint, primary key (id))
Hibernate: create table user_role (user_role_id bigint not null, role_id bigint, user_id bigint, primary key (user_role_id))
Hibernate: alter table role add constraint UK_8sewwnpamngi6b1dwaa88askk unique (name)
Hibernate: alter table brand add constraint FKriswouj487lavsl7otim4ky9v foreign key (article_id) references article
Hibernate: alter table cart_item add constraint FK4mnqtf4139vf6gkwq025xc6sw foreign key (article_id) references article
Hibernate: alter table cart_item add constraint FKen9v41ihsnhcr0i7ivsd7i84c foreign key (order_id) references user_order
Hibernate: alter table cart_item add constraint FKjnaj4sjyqjkr4ivemf9gb25w foreign key (user_id) references user
Hibernate: alter table category add constraint FK6q8bge2ta5as4srmi31dmhd4q foreign key (article_id) references article
Hibernate: alter table payment add constraint FKt7a73xusjdnnsuespcitb683h foreign key (order_id) references user_order
Hibernate: alter table shipping add constraint FKj6ayrlwisv2n1yalmjxjlu62p foreign key (address_id) references address
Hibernate: alter table shipping add constraint FKlh4uncaukk0s3poj5pmv9cm9u foreign key (order_id) references user_order
Hibernate: alter table size add constraint FKkubp2whk688bnndqjfuf5t90 foreign key (article_id) references article
Hibernate: alter table user add constraint FKddefmvbrws3hvl5t0hnnsv8ox foreign key (address_id) references address
Hibernate: alter table user_order add constraint FKqjg5jrh5qwnhl2f9lk7n77454 foreign key (payment_id) references payment
Hibernate: alter table user_order add constraint FK1hx9xau7q5xwgxjtq63lr7eeg foreign key (shipping_id) references shipping
Hibernate: alter table user_order add constraint FKj86u1x7csa8yd68ql2y1ibrou foreign key (user_id) references user
Hibernate: alter table user_role add constraint FKa68196081fvovjhkek5m97n3y foreign key (role_id) references role
Hibernate: alter table user_role add constraint FK859n2jvi8ivhui0rl0esws6o foreign key (user_id) references user
2026-07-12 00:39:59.418  INFO 9500 --- [           main] o.h.t.schema.internal.SchemaCreatorImpl  : HHH000476: Executing import script 'org.hibernate.tool.schema.internal.exec.ScriptSourceInputNonExistentImpl@3451fc88'
2026-07-12 00:39:59.426  INFO 9500 --- [           main] j.LocalContainerEntityManagerFactoryBean : Initialized JPA EntityManagerFactory for persistence unit 'default'
2026-07-12 00:40:00.423  INFO 9500 --- [           main] o.h.h.i.QueryTranslatorFactoryInitiator  : HHH000397: Using ASTQueryTranslatorFactory
2026-07-12 00:40:00.879  INFO 9500 --- [           main] c.n.s.s.r.ArticleRepositoryTest          : Started ArticleRepositoryTest in 7.258 seconds (JVM running for 8.812)
2026-07-12 00:40:00.925  INFO 9500 --- [           main] o.s.t.c.transaction.TransactionContext   : Began transaction (1) for test context [DefaultTestContext@31e5415e testClass = ArticleRepositoryTest, testInstance = com.nico.store.store.repository.ArticleRepositoryTest@15aab8c6, testMethod = should_filter_articles_by_brand@ArticleRepositoryTest, testException = [null], mergedContextConfiguration = [MergedContextConfiguration@a2431d0 testClass = ArticleRepositoryTest, locations = '{}', classes = '{class com.nico.store.store.StoreApplication}', contextInitializerClasses = '[]', activeProfiles = '{}', propertySourceLocations = '{}', propertySourceProperties = '{org.springframework.boot.test.autoconfigure.orm.jpa.DataJpaTestContextBootstrapper=true}', contextCustomizers = set[[ImportsContextCustomizer@1cbb87f3 key = [org.springframework.boot.autoconfigure.cache.CacheAutoConfiguration, org.springframework.boot.autoconfigure.data.jpa.JpaRepositoriesAutoConfiguration, org.springframework.boot.autoconfigure.flyway.FlywayAutoConfiguration, org.springframework.boot.autoconfigure.jdbc.DataSourceAutoConfiguration, org.springframework.boot.autoconfigure.jdbc.DataSourceTransactionManagerAutoConfiguration, org.springframework.boot.autoconfigure.jdbc.JdbcTemplateAutoConfiguration, org.springframework.boot.autoconfigure.liquibase.LiquibaseAutoConfiguration, org.springframework.boot.autoconfigure.orm.jpa.HibernateJpaAutoConfiguration, org.springframework.boot.autoconfigure.transaction.TransactionAutoConfiguration, org.springframework.boot.test.autoconfigure.jdbc.TestDatabaseAutoConfiguration, org.springframework.boot.test.autoconfigure.orm.jpa.TestEntityManagerAutoConfiguration]], org.springframework.boot.test.context.filter.ExcludeFilterContextCustomizer@323b36e0, org.springframework.boot.test.json.DuplicateJsonObjectContextCustomizerFactory$DuplicateJsonObjectContextCustomizer@2e005c4b, org.springframework.boot.test.mock.mockito.MockitoContextCustomizer@0, org.springframework.boot.test.autoconfigure.OverrideAutoConfigurationContextCustomizerFactory$DisableAutoConfigurationContextCustomizer@6d763516, org.springframework.boot.test.autoconfigure.filter.TypeExcludeFiltersContextCustomizer@351584c0, org.springframework.boot.test.autoconfigure.properties.PropertyMappingContextCustomizer@deb35b1f, org.springframework.boot.test.autoconfigure.web.servlet.WebDriverContextCustomizerFactory$Customizer@1b7cc17c], contextLoader = 'org.springframework.boot.test.context.SpringBootContextLoader', parent = [null]], attributes = map[[empty]]]; transaction manager [org.springframework.orm.jpa.JpaTransactionManager@1acc873b]; rollback [true]
Hibernate: insert into article (id, picture, price, stock, title) values (null, ?, ?, ?, ?)
Hibernate: insert into brand (id, article_id, name) values (null, ?, ?)
Hibernate: insert into category (id, article_id, name) values (null, ?, ?)
Hibernate: insert into size (id, article_id, value) values (null, ?, ?)
Hibernate: insert into size (id, article_id, value) values (null, ?, ?)
Hibernate: insert into article (id, picture, price, stock, title) values (null, ?, ?, ?, ?)
Hibernate: insert into brand (id, article_id, name) values (null, ?, ?)
Hibernate: insert into category (id, article_id, name) values (null, ?, ?)
Hibernate: insert into size (id, article_id, value) values (null, ?, ?)
Hibernate: insert into size (id, article_id, value) values (null, ?, ?)
Hibernate: insert into article (id, picture, price, stock, title) values (null, ?, ?, ?, ?)
Hibernate: insert into brand (id, article_id, name) values (null, ?, ?)
Hibernate: insert into category (id, article_id, name) values (null, ?, ?)
Hibernate: insert into size (id, article_id, value) values (null, ?, ?)
Hibernate: insert into size (id, article_id, value) values (null, ?, ?)
Hibernate: insert into size (id, article_id, value) values (null, ?, ?)
Hibernate: insert into article (id, picture, price, stock, title) values (null, ?, ?, ?, ?)
Hibernate: insert into brand (id, article_id, name) values (null, ?, ?)
Hibernate: insert into size (id, article_id, value) values (null, ?, ?)
Hibernate: insert into size (id, article_id, value) values (null, ?, ?)
Hibernate: insert into article (id, picture, price, stock, title) values (null, ?, ?, ?, ?)
Hibernate: insert into brand (id, article_id, name) values (null, ?, ?)
Hibernate: select distinct article0_.id as id1_1_, article0_.picture as picture2_1_, article0_.price as price3_1_, article0_.stock as stock4_1_, article0_.title as title5_1_ from article article0_ inner join brand brands1_ on article0_.id=brands1_.article_id where brands1_.name in (?)
Hibernate: select distinct article0_.id as id1_1_, article0_.picture as picture2_1_, article0_.price as price3_1_, article0_.stock as stock4_1_, article0_.title as title5_1_ from article article0_ inner join brand brands1_ on article0_.id=brands1_.article_id where brands1_.name in (? , ?)
2026-07-12 00:40:01.462  INFO 9500 --- [           main] o.s.t.c.transaction.TransactionContext   : Rolled back transaction for test: [DefaultTestContext@31e5415e testClass = ArticleRepositoryTest, testInstance = com.nico.store.store.repository.ArticleRepositoryTest@15aab8c6, testMethod = should_filter_articles_by_brand@ArticleRepositoryTest, testException = [null], mergedContextConfiguration = [MergedContextConfiguration@a2431d0 testClass = ArticleRepositoryTest, locations = '{}', classes = '{class com.nico.store.store.StoreApplication}', contextInitializerClasses = '[]', activeProfiles = '{}', propertySourceLocations = '{}', propertySourceProperties = '{org.springframework.boot.test.autoconfigure.orm.jpa.DataJpaTestContextBootstrapper=true}', contextCustomizers = set[[ImportsContextCustomizer@1cbb87f3 key = [org.springframework.boot.autoconfigure.cache.CacheAutoConfiguration, org.springframework.boot.autoconfigure.data.jpa.JpaRepositoriesAutoConfiguration, org.springframework.boot.autoconfigure.flyway.FlywayAutoConfiguration, org.springframework.boot.autoconfigure.jdbc.DataSourceAutoConfiguration, org.springframework.boot.autoconfigure.jdbc.DataSourceTransactionManagerAutoConfiguration, org.springframework.boot.autoconfigure.jdbc.JdbcTemplateAutoConfiguration, org.springframework.boot.autoconfigure.liquibase.LiquibaseAutoConfiguration, org.springframework.boot.autoconfigure.orm.jpa.HibernateJpaAutoConfiguration, org.springframework.boot.autoconfigure.transaction.TransactionAutoConfiguration, org.springframework.boot.test.autoconfigure.jdbc.TestDatabaseAutoConfiguration, org.springframework.boot.test.autoconfigure.orm.jpa.TestEntityManagerAutoConfiguration]], org.springframework.boot.test.context.filter.ExcludeFilterContextCustomizer@323b36e0, org.springframework.boot.test.json.DuplicateJsonObjectContextCustomizerFactory$DuplicateJsonObjectContextCustomizer@2e005c4b, org.springframework.boot.test.mock.mockito.MockitoContextCustomizer@0, org.springframework.boot.test.autoconfigure.OverrideAutoConfigurationContextCustomizerFactory$DisableAutoConfigurationContextCustomizer@6d763516, org.springframework.boot.test.autoconfigure.filter.TypeExcludeFiltersContextCustomizer@351584c0, org.springframework.boot.test.autoconfigure.properties.PropertyMappingContextCustomizer@deb35b1f, org.springframework.boot.test.autoconfigure.web.servlet.WebDriverContextCustomizerFactory$Customizer@1b7cc17c], contextLoader = 'org.springframework.boot.test.context.SpringBootContextLoader', parent = [null]], attributes = map[[empty]]]
2026-07-12 00:40:01.471  INFO 9500 --- [           main] o.s.t.c.transaction.TransactionContext   : Began transaction (1) for test context [DefaultTestContext@31e5415e testClass = ArticleRepositoryTest, testInstance = com.nico.store.store.repository.ArticleRepositoryTest@5a35ae82, testMethod = should_filter_articles_by_category@ArticleRepositoryTest, testException = [null], mergedContextConfiguration = [MergedContextConfiguration@a2431d0 testClass = ArticleRepositoryTest, locations = '{}', classes = '{class com.nico.store.store.StoreApplication}', contextInitializerClasses = '[]', activeProfiles = '{}', propertySourceLocations = '{}', propertySourceProperties = '{org.springframework.boot.test.autoconfigure.orm.jpa.DataJpaTestContextBootstrapper=true}', contextCustomizers = set[[ImportsContextCustomizer@1cbb87f3 key = [org.springframework.boot.autoconfigure.cache.CacheAutoConfiguration, org.springframework.boot.autoconfigure.data.jpa.JpaRepositoriesAutoConfiguration, org.springframework.boot.autoconfigure.flyway.FlywayAutoConfiguration, org.springframework.boot.autoconfigure.jdbc.DataSourceAutoConfiguration, org.springframework.boot.autoconfigure.jdbc.DataSourceTransactionManagerAutoConfiguration, org.springframework.boot.autoconfigure.jdbc.JdbcTemplateAutoConfiguration, org.springframework.boot.autoconfigure.liquibase.LiquibaseAutoConfiguration, org.springframework.boot.autoconfigure.orm.jpa.HibernateJpaAutoConfiguration, org.springframework.boot.autoconfigure.transaction.TransactionAutoConfiguration, org.springframework.boot.test.autoconfigure.jdbc.TestDatabaseAutoConfiguration, org.springframework.boot.test.autoconfigure.orm.jpa.TestEntityManagerAutoConfiguration]], org.springframework.boot.test.context.filter.ExcludeFilterContextCustomizer@323b36e0, org.springframework.boot.test.json.DuplicateJsonObjectContextCustomizerFactory$DuplicateJsonObjectContextCustomizer@2e005c4b, org.springframework.boot.test.mock.mockito.MockitoContextCustomizer@0, org.springframework.boot.test.autoconfigure.OverrideAutoConfigurationContextCustomizerFactory$DisableAutoConfigurationContextCustomizer@6d763516, org.springframework.boot.test.autoconfigure.filter.TypeExcludeFiltersContextCustomizer@351584c0, org.springframework.boot.test.autoconfigure.properties.PropertyMappingContextCustomizer@deb35b1f, org.springframework.boot.test.autoconfigure.web.servlet.WebDriverContextCustomizerFactory$Customizer@1b7cc17c], contextLoader = 'org.springframework.boot.test.context.SpringBootContextLoader', parent = [null]], attributes = map[[empty]]]; transaction manager [org.springframework.orm.jpa.JpaTransactionManager@1acc873b]; rollback [true]
Hibernate: insert into article (id, picture, price, stock, title) values (null, ?, ?, ?, ?)
Hibernate: insert into brand (id, article_id, name) values (null, ?, ?)
Hibernate: insert into category (id, article_id, name) values (null, ?, ?)
Hibernate: insert into size (id, article_id, value) values (null, ?, ?)
Hibernate: insert into size (id, article_id, value) values (null, ?, ?)
Hibernate: insert into article (id, picture, price, stock, title) values (null, ?, ?, ?, ?)
Hibernate: insert into brand (id, article_id, name) values (null, ?, ?)
Hibernate: insert into category (id, article_id, name) values (null, ?, ?)
Hibernate: insert into size (id, article_id, value) values (null, ?, ?)
Hibernate: insert into size (id, article_id, value) values (null, ?, ?)
Hibernate: insert into article (id, picture, price, stock, title) values (null, ?, ?, ?, ?)
Hibernate: insert into brand (id, article_id, name) values (null, ?, ?)
Hibernate: insert into category (id, article_id, name) values (null, ?, ?)
Hibernate: insert into size (id, article_id, value) values (null, ?, ?)
Hibernate: insert into size (id, article_id, value) values (null, ?, ?)
Hibernate: insert into size (id, article_id, value) values (null, ?, ?)
Hibernate: insert into article (id, picture, price, stock, title) values (null, ?, ?, ?, ?)
Hibernate: insert into brand (id, article_id, name) values (null, ?, ?)
Hibernate: insert into size (id, article_id, value) values (null, ?, ?)
Hibernate: insert into size (id, article_id, value) values (null, ?, ?)
Hibernate: insert into article (id, picture, price, stock, title) values (null, ?, ?, ?, ?)
Hibernate: insert into brand (id, article_id, name) values (null, ?, ?)
Hibernate: select distinct article0_.id as id1_1_, article0_.picture as picture2_1_, article0_.price as price3_1_, article0_.stock as stock4_1_, article0_.title as title5_1_ from article article0_ inner join category categories1_ on article0_.id=categories1_.article_id where categories1_.name in (? , ?)
Hibernate: select distinct article0_.id as id1_1_, article0_.picture as picture2_1_, article0_.price as price3_1_, article0_.stock as stock4_1_, article0_.title as title5_1_ from article article0_ inner join category categories1_ on article0_.id=categories1_.article_id where categories1_.name in (? , ?)
2026-07-12 00:40:01.527  INFO 9500 --- [           main] o.s.t.c.transaction.TransactionContext   : Rolled back transaction for test: [DefaultTestContext@31e5415e testClass = ArticleRepositoryTest, testInstance = com.nico.store.store.repository.ArticleRepositoryTest@5a35ae82, testMethod = should_filter_articles_by_category@ArticleRepositoryTest, testException = [null], mergedContextConfiguration = [MergedContextConfiguration@a2431d0 testClass = ArticleRepositoryTest, locations = '{}', classes = '{class com.nico.store.store.StoreApplication}', contextInitializerClasses = '[]', activeProfiles = '{}', propertySourceLocations = '{}', propertySourceProperties = '{org.springframework.boot.test.autoconfigure.orm.jpa.DataJpaTestContextBootstrapper=true}', contextCustomizers = set[[ImportsContextCustomizer@1cbb87f3 key = [org.springframework.boot.autoconfigure.cache.CacheAutoConfiguration, org.springframework.boot.autoconfigure.data.jpa.JpaRepositoriesAutoConfiguration, org.springframework.boot.autoconfigure.flyway.FlywayAutoConfiguration, org.springframework.boot.autoconfigure.jdbc.DataSourceAutoConfiguration, org.springframework.boot.autoconfigure.jdbc.DataSourceTransactionManagerAutoConfiguration, org.springframework.boot.autoconfigure.jdbc.JdbcTemplateAutoConfiguration, org.springframework.boot.autoconfigure.liquibase.LiquibaseAutoConfiguration, org.springframework.boot.autoconfigure.orm.jpa.HibernateJpaAutoConfiguration, org.springframework.boot.autoconfigure.transaction.TransactionAutoConfiguration, org.springframework.boot.test.autoconfigure.jdbc.TestDatabaseAutoConfiguration, org.springframework.boot.test.autoconfigure.orm.jpa.TestEntityManagerAutoConfiguration]], org.springframework.boot.test.context.filter.ExcludeFilterContextCustomizer@323b36e0, org.springframework.boot.test.json.DuplicateJsonObjectContextCustomizerFactory$DuplicateJsonObjectContextCustomizer@2e005c4b, org.springframework.boot.test.mock.mockito.MockitoContextCustomizer@0, org.springframework.boot.test.autoconfigure.OverrideAutoConfigurationContextCustomizerFactory$DisableAutoConfigurationContextCustomizer@6d763516, org.springframework.boot.test.autoconfigure.filter.TypeExcludeFiltersContextCustomizer@351584c0, org.springframework.boot.test.autoconfigure.properties.PropertyMappingContextCustomizer@deb35b1f, org.springframework.boot.test.autoconfigure.web.servlet.WebDriverContextCustomizerFactory$Customizer@1b7cc17c], contextLoader = 'org.springframework.boot.test.context.SpringBootContextLoader', parent = [null]], attributes = map[[empty]]]
2026-07-12 00:40:01.531  INFO 9500 --- [           main] o.s.t.c.transaction.TransactionContext   : Began transaction (1) for test context [DefaultTestContext@31e5415e testClass = ArticleRepositoryTest, testInstance = com.nico.store.store.repository.ArticleRepositoryTest@3b839f68, testMethod = should_find_all_if_all_filters_are_null@ArticleRepositoryTest, testException = [null], mergedContextConfiguration = [MergedContextConfiguration@a2431d0 testClass = ArticleRepositoryTest, locations = '{}', classes = '{class com.nico.store.store.StoreApplication}', contextInitializerClasses = '[]', activeProfiles = '{}', propertySourceLocations = '{}', propertySourceProperties = '{org.springframework.boot.test.autoconfigure.orm.jpa.DataJpaTestContextBootstrapper=true}', contextCustomizers = set[[ImportsContextCustomizer@1cbb87f3 key = [org.springframework.boot.autoconfigure.cache.CacheAutoConfiguration, org.springframework.boot.autoconfigure.data.jpa.JpaRepositoriesAutoConfiguration, org.springframework.boot.autoconfigure.flyway.FlywayAutoConfiguration, org.springframework.boot.autoconfigure.jdbc.DataSourceAutoConfiguration, org.springframework.boot.autoconfigure.jdbc.DataSourceTransactionManagerAutoConfiguration, org.springframework.boot.autoconfigure.jdbc.JdbcTemplateAutoConfiguration, org.springframework.boot.autoconfigure.liquibase.LiquibaseAutoConfiguration, org.springframework.boot.autoconfigure.orm.jpa.HibernateJpaAutoConfiguration, org.springframework.boot.autoconfigure.transaction.TransactionAutoConfiguration, org.springframework.boot.test.autoconfigure.jdbc.TestDatabaseAutoConfiguration, org.springframework.boot.test.autoconfigure.orm.jpa.TestEntityManagerAutoConfiguration]], org.springframework.boot.test.context.filter.ExcludeFilterContextCustomizer@323b36e0, org.springframework.boot.test.json.DuplicateJsonObjectContextCustomizerFactory$DuplicateJsonObjectContextCustomizer@2e005c4b, org.springframework.boot.test.mock.mockito.MockitoContextCustomizer@0, org.springframework.boot.test.autoconfigure.OverrideAutoConfigurationContextCustomizerFactory$DisableAutoConfigurationContextCustomizer@6d763516, org.springframework.boot.test.autoconfigure.filter.TypeExcludeFiltersContextCustomizer@351584c0, org.springframework.boot.test.autoconfigure.properties.PropertyMappingContextCustomizer@deb35b1f, org.springframework.boot.test.autoconfigure.web.servlet.WebDriverContextCustomizerFactory$Customizer@1b7cc17c], contextLoader = 'org.springframework.boot.test.context.SpringBootContextLoader', parent = [null]], attributes = map[[empty]]]; transaction manager [org.springframework.orm.jpa.JpaTransactionManager@1acc873b]; rollback [true]
Hibernate: insert into article (id, picture, price, stock, title) values (null, ?, ?, ?, ?)
Hibernate: insert into brand (id, article_id, name) values (null, ?, ?)
Hibernate: insert into category (id, article_id, name) values (null, ?, ?)
Hibernate: insert into size (id, article_id, value) values (null, ?, ?)
Hibernate: insert into size (id, article_id, value) values (null, ?, ?)
Hibernate: insert into article (id, picture, price, stock, title) values (null, ?, ?, ?, ?)
Hibernate: insert into brand (id, article_id, name) values (null, ?, ?)
Hibernate: insert into category (id, article_id, name) values (null, ?, ?)
Hibernate: insert into size (id, article_id, value) values (null, ?, ?)
Hibernate: insert into size (id, article_id, value) values (null, ?, ?)
Hibernate: insert into article (id, picture, price, stock, title) values (null, ?, ?, ?, ?)
Hibernate: insert into brand (id, article_id, name) values (null, ?, ?)
Hibernate: insert into category (id, article_id, name) values (null, ?, ?)
Hibernate: insert into size (id, article_id, value) values (null, ?, ?)
Hibernate: insert into size (id, article_id, value) values (null, ?, ?)
Hibernate: insert into size (id, article_id, value) values (null, ?, ?)
Hibernate: insert into article (id, picture, price, stock, title) values (null, ?, ?, ?, ?)
Hibernate: insert into brand (id, article_id, name) values (null, ?, ?)
Hibernate: insert into size (id, article_id, value) values (null, ?, ?)
Hibernate: insert into size (id, article_id, value) values (null, ?, ?)
Hibernate: insert into article (id, picture, price, stock, title) values (null, ?, ?, ?, ?)
Hibernate: insert into brand (id, article_id, name) values (null, ?, ?)
Hibernate: select distinct article0_.id as id1_1_, article0_.picture as picture2_1_, article0_.price as price3_1_, article0_.stock as stock4_1_, article0_.title as title5_1_ from article article0_ where 1=1
2026-07-12 00:40:01.574  INFO 9500 --- [           main] o.s.t.c.transaction.TransactionContext   : Rolled back transaction for test: [DefaultTestContext@31e5415e testClass = ArticleRepositoryTest, testInstance = com.nico.store.store.repository.ArticleRepositoryTest@3b839f68, testMethod = should_find_all_if_all_filters_are_null@ArticleRepositoryTest, testException = [null], mergedContextConfiguration = [MergedContextConfiguration@a2431d0 testClass = ArticleRepositoryTest, locations = '{}', classes = '{class com.nico.store.store.StoreApplication}', contextInitializerClasses = '[]', activeProfiles = '{}', propertySourceLocations = '{}', propertySourceProperties = '{org.springframework.boot.test.autoconfigure.orm.jpa.DataJpaTestContextBootstrapper=true}', contextCustomizers = set[[ImportsContextCustomizer@1cbb87f3 key = [org.springframework.boot.autoconfigure.cache.CacheAutoConfiguration, org.springframework.boot.autoconfigure.data.jpa.JpaRepositoriesAutoConfiguration, org.springframework.boot.autoconfigure.flyway.FlywayAutoConfiguration, org.springframework.boot.autoconfigure.jdbc.DataSourceAutoConfiguration, org.springframework.boot.autoconfigure.jdbc.DataSourceTransactionManagerAutoConfiguration, org.springframework.boot.autoconfigure.jdbc.JdbcTemplateAutoConfiguration, org.springframework.boot.autoconfigure.liquibase.LiquibaseAutoConfiguration, org.springframework.boot.autoconfigure.orm.jpa.HibernateJpaAutoConfiguration, org.springframework.boot.autoconfigure.transaction.TransactionAutoConfiguration, org.springframework.boot.test.autoconfigure.jdbc.TestDatabaseAutoConfiguration, org.springframework.boot.test.autoconfigure.orm.jpa.TestEntityManagerAutoConfiguration]], org.springframework.boot.test.context.filter.ExcludeFilterContextCustomizer@323b36e0, org.springframework.boot.test.json.DuplicateJsonObjectContextCustomizerFactory$DuplicateJsonObjectContextCustomizer@2e005c4b, org.springframework.boot.test.mock.mockito.MockitoContextCustomizer@0, org.springframework.boot.test.autoconfigure.OverrideAutoConfigurationContextCustomizerFactory$DisableAutoConfigurationContextCustomizer@6d763516, org.springframework.boot.test.autoconfigure.filter.TypeExcludeFiltersContextCustomizer@351584c0, org.springframework.boot.test.autoconfigure.properties.PropertyMappingContextCustomizer@deb35b1f, org.springframework.boot.test.autoconfigure.web.servlet.WebDriverContextCustomizerFactory$Customizer@1b7cc17c], contextLoader = 'org.springframework.boot.test.context.SpringBootContextLoader', parent = [null]], attributes = map[[empty]]]
2026-07-12 00:40:01.579  INFO 9500 --- [           main] o.s.t.c.transaction.TransactionContext   : Began transaction (1) for test context [DefaultTestContext@31e5415e testClass = ArticleRepositoryTest, testInstance = com.nico.store.store.repository.ArticleRepositoryTest@7a522157, testMethod = should_find_all_distinct_brands@ArticleRepositoryTest, testException = [null], mergedContextConfiguration = [MergedContextConfiguration@a2431d0 testClass = ArticleRepositoryTest, locations = '{}', classes = '{class com.nico.store.store.StoreApplication}', contextInitializerClasses = '[]', activeProfiles = '{}', propertySourceLocations = '{}', propertySourceProperties = '{org.springframework.boot.test.autoconfigure.orm.jpa.DataJpaTestContextBootstrapper=true}', contextCustomizers = set[[ImportsContextCustomizer@1cbb87f3 key = [org.springframework.boot.autoconfigure.cache.CacheAutoConfiguration, org.springframework.boot.autoconfigure.data.jpa.JpaRepositoriesAutoConfiguration, org.springframework.boot.autoconfigure.flyway.FlywayAutoConfiguration, org.springframework.boot.autoconfigure.jdbc.DataSourceAutoConfiguration, org.springframework.boot.autoconfigure.jdbc.DataSourceTransactionManagerAutoConfiguration, org.springframework.boot.autoconfigure.jdbc.JdbcTemplateAutoConfiguration, org.springframework.boot.autoconfigure.liquibase.LiquibaseAutoConfiguration, org.springframework.boot.autoconfigure.orm.jpa.HibernateJpaAutoConfiguration, org.springframework.boot.autoconfigure.transaction.TransactionAutoConfiguration, org.springframework.boot.test.autoconfigure.jdbc.TestDatabaseAutoConfiguration, org.springframework.boot.test.autoconfigure.orm.jpa.TestEntityManagerAutoConfiguration]], org.springframework.boot.test.context.filter.ExcludeFilterContextCustomizer@323b36e0, org.springframework.boot.test.json.DuplicateJsonObjectContextCustomizerFactory$DuplicateJsonObjectContextCustomizer@2e005c4b, org.springframework.boot.test.mock.mockito.MockitoContextCustomizer@0, org.springframework.boot.test.autoconfigure.OverrideAutoConfigurationContextCustomizerFactory$DisableAutoConfigurationContextCustomizer@6d763516, org.springframework.boot.test.autoconfigure.filter.TypeExcludeFiltersContextCustomizer@351584c0, org.springframework.boot.test.autoconfigure.properties.PropertyMappingContextCustomizer@deb35b1f, org.springframework.boot.test.autoconfigure.web.servlet.WebDriverContextCustomizerFactory$Customizer@1b7cc17c], contextLoader = 'org.springframework.boot.test.context.SpringBootContextLoader', parent = [null]], attributes = map[[empty]]]; transaction manager [org.springframework.orm.jpa.JpaTransactionManager@1acc873b]; rollback [true]
Hibernate: insert into article (id, picture, price, stock, title) values (null, ?, ?, ?, ?)
Hibernate: insert into brand (id, article_id, name) values (null, ?, ?)
Hibernate: insert into category (id, article_id, name) values (null, ?, ?)
Hibernate: insert into size (id, article_id, value) values (null, ?, ?)
Hibernate: insert into size (id, article_id, value) values (null, ?, ?)
Hibernate: insert into article (id, picture, price, stock, title) values (null, ?, ?, ?, ?)
Hibernate: insert into brand (id, article_id, name) values (null, ?, ?)
Hibernate: insert into category (id, article_id, name) values (null, ?, ?)
Hibernate: insert into size (id, article_id, value) values (null, ?, ?)
Hibernate: insert into size (id, article_id, value) values (null, ?, ?)
Hibernate: insert into article (id, picture, price, stock, title) values (null, ?, ?, ?, ?)
Hibernate: insert into brand (id, article_id, name) values (null, ?, ?)
Hibernate: insert into category (id, article_id, name) values (null, ?, ?)
Hibernate: insert into size (id, article_id, value) values (null, ?, ?)
Hibernate: insert into size (id, article_id, value) values (null, ?, ?)
Hibernate: insert into size (id, article_id, value) values (null, ?, ?)
Hibernate: insert into article (id, picture, price, stock, title) values (null, ?, ?, ?, ?)
Hibernate: insert into brand (id, article_id, name) values (null, ?, ?)
Hibernate: insert into size (id, article_id, value) values (null, ?, ?)
Hibernate: insert into size (id, article_id, value) values (null, ?, ?)
Hibernate: insert into article (id, picture, price, stock, title) values (null, ?, ?, ?, ?)
Hibernate: insert into brand (id, article_id, name) values (null, ?, ?)
Hibernate: select distinct brand0_.name as col_0_0_ from brand brand0_
2026-07-12 00:40:01.632  INFO 9500 --- [           main] o.s.t.c.transaction.TransactionContext   : Rolled back transaction for test: [DefaultTestContext@31e5415e testClass = ArticleRepositoryTest, testInstance = com.nico.store.store.repository.ArticleRepositoryTest@7a522157, testMethod = should_find_all_distinct_brands@ArticleRepositoryTest, testException = [null], mergedContextConfiguration = [MergedContextConfiguration@a2431d0 testClass = ArticleRepositoryTest, locations = '{}', classes = '{class com.nico.store.store.StoreApplication}', contextInitializerClasses = '[]', activeProfiles = '{}', propertySourceLocations = '{}', propertySourceProperties = '{org.springframework.boot.test.autoconfigure.orm.jpa.DataJpaTestContextBootstrapper=true}', contextCustomizers = set[[ImportsContextCustomizer@1cbb87f3 key = [org.springframework.boot.autoconfigure.cache.CacheAutoConfiguration, org.springframework.boot.autoconfigure.data.jpa.JpaRepositoriesAutoConfiguration, org.springframework.boot.autoconfigure.flyway.FlywayAutoConfiguration, org.springframework.boot.autoconfigure.jdbc.DataSourceAutoConfiguration, org.springframework.boot.autoconfigure.jdbc.DataSourceTransactionManagerAutoConfiguration, org.springframework.boot.autoconfigure.jdbc.JdbcTemplateAutoConfiguration, org.springframework.boot.autoconfigure.liquibase.LiquibaseAutoConfiguration, org.springframework.boot.autoconfigure.orm.jpa.HibernateJpaAutoConfiguration, org.springframework.boot.autoconfigure.transaction.TransactionAutoConfiguration, org.springframework.boot.test.autoconfigure.jdbc.TestDatabaseAutoConfiguration, org.springframework.boot.test.autoconfigure.orm.jpa.TestEntityManagerAutoConfiguration]], org.springframework.boot.test.context.filter.ExcludeFilterContextCustomizer@323b36e0, org.springframework.boot.test.json.DuplicateJsonObjectContextCustomizerFactory$DuplicateJsonObjectContextCustomizer@2e005c4b, org.springframework.boot.test.mock.mockito.MockitoContextCustomizer@0, org.springframework.boot.test.autoconfigure.OverrideAutoConfigurationContextCustomizerFactory$DisableAutoConfigurationContextCustomizer@6d763516, org.springframework.boot.test.autoconfigure.filter.TypeExcludeFiltersContextCustomizer@351584c0, org.springframework.boot.test.autoconfigure.properties.PropertyMappingContextCustomizer@deb35b1f, org.springframework.boot.test.autoconfigure.web.servlet.WebDriverContextCustomizerFactory$Customizer@1b7cc17c], contextLoader = 'org.springframework.boot.test.context.SpringBootContextLoader', parent = [null]], attributes = map[[empty]]]
2026-07-12 00:40:01.640  INFO 9500 --- [           main] o.s.t.c.transaction.TransactionContext   : Began transaction (1) for test context [DefaultTestContext@31e5415e testClass = ArticleRepositoryTest, testInstance = com.nico.store.store.repository.ArticleRepositoryTest@73e25780, testMethod = should_filter_articles_with_price_higher_than_number@ArticleRepositoryTest, testException = [null], mergedContextConfiguration = [MergedContextConfiguration@a2431d0 testClass = ArticleRepositoryTest, locations = '{}', classes = '{class com.nico.store.store.StoreApplication}', contextInitializerClasses = '[]', activeProfiles = '{}', propertySourceLocations = '{}', propertySourceProperties = '{org.springframework.boot.test.autoconfigure.orm.jpa.DataJpaTestContextBootstrapper=true}', contextCustomizers = set[[ImportsContextCustomizer@1cbb87f3 key = [org.springframework.boot.autoconfigure.cache.CacheAutoConfiguration, org.springframework.boot.autoconfigure.data.jpa.JpaRepositoriesAutoConfiguration, org.springframework.boot.autoconfigure.flyway.FlywayAutoConfiguration, org.springframework.boot.autoconfigure.jdbc.DataSourceAutoConfiguration, org.springframework.boot.autoconfigure.jdbc.DataSourceTransactionManagerAutoConfiguration, org.springframework.boot.autoconfigure.jdbc.JdbcTemplateAutoConfiguration, org.springframework.boot.autoconfigure.liquibase.LiquibaseAutoConfiguration, org.springframework.boot.autoconfigure.orm.jpa.HibernateJpaAutoConfiguration, org.springframework.boot.autoconfigure.transaction.TransactionAutoConfiguration, org.springframework.boot.test.autoconfigure.jdbc.TestDatabaseAutoConfiguration, org.springframework.boot.test.autoconfigure.orm.jpa.TestEntityManagerAutoConfiguration]], org.springframework.boot.test.context.filter.ExcludeFilterContextCustomizer@323b36e0, org.springframework.boot.test.json.DuplicateJsonObjectContextCustomizerFactory$DuplicateJsonObjectContextCustomizer@2e005c4b, org.springframework.boot.test.mock.mockito.MockitoContextCustomizer@0, org.springframework.boot.test.autoconfigure.OverrideAutoConfigurationContextCustomizerFactory$DisableAutoConfigurationContextCustomizer@6d763516, org.springframework.boot.test.autoconfigure.filter.TypeExcludeFiltersContextCustomizer@351584c0, org.springframework.boot.test.autoconfigure.properties.PropertyMappingContextCustomizer@deb35b1f, org.springframework.boot.test.autoconfigure.web.servlet.WebDriverContextCustomizerFactory$Customizer@1b7cc17c], contextLoader = 'org.springframework.boot.test.context.SpringBootContextLoader', parent = [null]], attributes = map[[empty]]]; transaction manager [org.springframework.orm.jpa.JpaTransactionManager@1acc873b]; rollback [true]
Hibernate: insert into article (id, picture, price, stock, title) values (null, ?, ?, ?, ?)
Hibernate: insert into brand (id, article_id, name) values (null, ?, ?)
Hibernate: insert into category (id, article_id, name) values (null, ?, ?)
Hibernate: insert into size (id, article_id, value) values (null, ?, ?)
Hibernate: insert into size (id, article_id, value) values (null, ?, ?)
Hibernate: insert into article (id, picture, price, stock, title) values (null, ?, ?, ?, ?)
Hibernate: insert into brand (id, article_id, name) values (null, ?, ?)
Hibernate: insert into category (id, article_id, name) values (null, ?, ?)
Hibernate: insert into size (id, article_id, value) values (null, ?, ?)
Hibernate: insert into size (id, article_id, value) values (null, ?, ?)
Hibernate: insert into article (id, picture, price, stock, title) values (null, ?, ?, ?, ?)
Hibernate: insert into brand (id, article_id, name) values (null, ?, ?)
Hibernate: insert into category (id, article_id, name) values (null, ?, ?)
Hibernate: insert into size (id, article_id, value) values (null, ?, ?)
Hibernate: insert into size (id, article_id, value) values (null, ?, ?)
Hibernate: insert into size (id, article_id, value) values (null, ?, ?)
Hibernate: insert into article (id, picture, price, stock, title) values (null, ?, ?, ?, ?)
Hibernate: insert into brand (id, article_id, name) values (null, ?, ?)
Hibernate: insert into size (id, article_id, value) values (null, ?, ?)
Hibernate: insert into size (id, article_id, value) values (null, ?, ?)
Hibernate: insert into article (id, picture, price, stock, title) values (null, ?, ?, ?, ?)
Hibernate: insert into brand (id, article_id, name) values (null, ?, ?)
Hibernate: select distinct article0_.id as id1_1_, article0_.picture as picture2_1_, article0_.price as price3_1_, article0_.stock as stock4_1_, article0_.title as title5_1_ from article article0_ where article0_.price>=300.0
2026-07-12 00:40:01.690  INFO 9500 --- [           main] o.s.t.c.transaction.TransactionContext   : Rolled back transaction for test: [DefaultTestContext@31e5415e testClass = ArticleRepositoryTest, testInstance = com.nico.store.store.repository.ArticleRepositoryTest@73e25780, testMethod = should_filter_articles_with_price_higher_than_number@ArticleRepositoryTest, testException = [null], mergedContextConfiguration = [MergedContextConfiguration@a2431d0 testClass = ArticleRepositoryTest, locations = '{}', classes = '{class com.nico.store.store.StoreApplication}', contextInitializerClasses = '[]', activeProfiles = '{}', propertySourceLocations = '{}', propertySourceProperties = '{org.springframework.boot.test.autoconfigure.orm.jpa.DataJpaTestContextBootstrapper=true}', contextCustomizers = set[[ImportsContextCustomizer@1cbb87f3 key = [org.springframework.boot.autoconfigure.cache.CacheAutoConfiguration, org.springframework.boot.autoconfigure.data.jpa.JpaRepositoriesAutoConfiguration, org.springframework.boot.autoconfigure.flyway.FlywayAutoConfiguration, org.springframework.boot.autoconfigure.jdbc.DataSourceAutoConfiguration, org.springframework.boot.autoconfigure.jdbc.DataSourceTransactionManagerAutoConfiguration, org.springframework.boot.autoconfigure.jdbc.JdbcTemplateAutoConfiguration, org.springframework.boot.autoconfigure.liquibase.LiquibaseAutoConfiguration, org.springframework.boot.autoconfigure.orm.jpa.HibernateJpaAutoConfiguration, org.springframework.boot.autoconfigure.transaction.TransactionAutoConfiguration, org.springframework.boot.test.autoconfigure.jdbc.TestDatabaseAutoConfiguration, org.springframework.boot.test.autoconfigure.orm.jpa.TestEntityManagerAutoConfiguration]], org.springframework.boot.test.context.filter.ExcludeFilterContextCustomizer@323b36e0, org.springframework.boot.test.json.DuplicateJsonObjectContextCustomizerFactory$DuplicateJsonObjectContextCustomizer@2e005c4b, org.springframework.boot.test.mock.mockito.MockitoContextCustomizer@0, org.springframework.boot.test.autoconfigure.OverrideAutoConfigurationContextCustomizerFactory$DisableAutoConfigurationContextCustomizer@6d763516, org.springframework.boot.test.autoconfigure.filter.TypeExcludeFiltersContextCustomizer@351584c0, org.springframework.boot.test.autoconfigure.properties.PropertyMappingContextCustomizer@deb35b1f, org.springframework.boot.test.autoconfigure.web.servlet.WebDriverContextCustomizerFactory$Customizer@1b7cc17c], contextLoader = 'org.springframework.boot.test.context.SpringBootContextLoader', parent = [null]], attributes = map[[empty]]]
2026-07-12 00:40:01.694  INFO 9500 --- [           main] o.s.t.c.transaction.TransactionContext   : Began transaction (1) for test context [DefaultTestContext@31e5415e testClass = ArticleRepositoryTest, testInstance = com.nico.store.store.repository.ArticleRepositoryTest@25109d84, testMethod = should_filter_articles_with_price_lower_than_number@ArticleRepositoryTest, testException = [null], mergedContextConfiguration = [MergedContextConfiguration@a2431d0 testClass = ArticleRepositoryTest, locations = '{}', classes = '{class com.nico.store.store.StoreApplication}', contextInitializerClasses = '[]', activeProfiles = '{}', propertySourceLocations = '{}', propertySourceProperties = '{org.springframework.boot.test.autoconfigure.orm.jpa.DataJpaTestContextBootstrapper=true}', contextCustomizers = set[[ImportsContextCustomizer@1cbb87f3 key = [org.springframework.boot.autoconfigure.cache.CacheAutoConfiguration, org.springframework.boot.autoconfigure.data.jpa.JpaRepositoriesAutoConfiguration, org.springframework.boot.autoconfigure.flyway.FlywayAutoConfiguration, org.springframework.boot.autoconfigure.jdbc.DataSourceAutoConfiguration, org.springframework.boot.autoconfigure.jdbc.DataSourceTransactionManagerAutoConfiguration, org.springframework.boot.autoconfigure.jdbc.JdbcTemplateAutoConfiguration, org.springframework.boot.autoconfigure.liquibase.LiquibaseAutoConfiguration, org.springframework.boot.autoconfigure.orm.jpa.HibernateJpaAutoConfiguration, org.springframework.boot.autoconfigure.transaction.TransactionAutoConfiguration, org.springframework.boot.test.autoconfigure.jdbc.TestDatabaseAutoConfiguration, org.springframework.boot.test.autoconfigure.orm.jpa.TestEntityManagerAutoConfiguration]], org.springframework.boot.test.context.filter.ExcludeFilterContextCustomizer@323b36e0, org.springframework.boot.test.json.DuplicateJsonObjectContextCustomizerFactory$DuplicateJsonObjectContextCustomizer@2e005c4b, org.springframework.boot.test.mock.mockito.MockitoContextCustomizer@0, org.springframework.boot.test.autoconfigure.OverrideAutoConfigurationContextCustomizerFactory$DisableAutoConfigurationContextCustomizer@6d763516, org.springframework.boot.test.autoconfigure.filter.TypeExcludeFiltersContextCustomizer@351584c0, org.springframework.boot.test.autoconfigure.properties.PropertyMappingContextCustomizer@deb35b1f, org.springframework.boot.test.autoconfigure.web.servlet.WebDriverContextCustomizerFactory$Customizer@1b7cc17c], contextLoader = 'org.springframework.boot.test.context.SpringBootContextLoader', parent = [null]], attributes = map[[empty]]]; transaction manager [org.springframework.orm.jpa.JpaTransactionManager@1acc873b]; rollback [true]
Hibernate: insert into article (id, picture, price, stock, title) values (null, ?, ?, ?, ?)
Hibernate: insert into brand (id, article_id, name) values (null, ?, ?)
Hibernate: insert into category (id, article_id, name) values (null, ?, ?)
Hibernate: insert into size (id, article_id, value) values (null, ?, ?)
Hibernate: insert into size (id, article_id, value) values (null, ?, ?)
Hibernate: insert into article (id, picture, price, stock, title) values (null, ?, ?, ?, ?)
Hibernate: insert into brand (id, article_id, name) values (null, ?, ?)
Hibernate: insert into category (id, article_id, name) values (null, ?, ?)
Hibernate: insert into size (id, article_id, value) values (null, ?, ?)
Hibernate: insert into size (id, article_id, value) values (null, ?, ?)
Hibernate: insert into article (id, picture, price, stock, title) values (null, ?, ?, ?, ?)
Hibernate: insert into brand (id, article_id, name) values (null, ?, ?)
Hibernate: insert into category (id, article_id, name) values (null, ?, ?)
Hibernate: insert into size (id, article_id, value) values (null, ?, ?)
Hibernate: insert into size (id, article_id, value) values (null, ?, ?)
Hibernate: insert into size (id, article_id, value) values (null, ?, ?)
Hibernate: insert into article (id, picture, price, stock, title) values (null, ?, ?, ?, ?)
Hibernate: insert into brand (id, article_id, name) values (null, ?, ?)
Hibernate: insert into size (id, article_id, value) values (null, ?, ?)
Hibernate: insert into size (id, article_id, value) values (null, ?, ?)
Hibernate: insert into article (id, picture, price, stock, title) values (null, ?, ?, ?, ?)
Hibernate: insert into brand (id, article_id, name) values (null, ?, ?)
Hibernate: select distinct article0_.id as id1_1_, article0_.picture as picture2_1_, article0_.price as price3_1_, article0_.stock as stock4_1_, article0_.title as title5_1_ from article article0_ where article0_.price<=200.0
2026-07-12 00:40:01.736  INFO 9500 --- [           main] o.s.t.c.transaction.TransactionContext   : Rolled back transaction for test: [DefaultTestContext@31e5415e testClass = ArticleRepositoryTest, testInstance = com.nico.store.store.repository.ArticleRepositoryTest@25109d84, testMethod = should_filter_articles_with_price_lower_than_number@ArticleRepositoryTest, testException = [null], mergedContextConfiguration = [MergedContextConfiguration@a2431d0 testClass = ArticleRepositoryTest, locations = '{}', classes = '{class com.nico.store.store.StoreApplication}', contextInitializerClasses = '[]', activeProfiles = '{}', propertySourceLocations = '{}', propertySourceProperties = '{org.springframework.boot.test.autoconfigure.orm.jpa.DataJpaTestContextBootstrapper=true}', contextCustomizers = set[[ImportsContextCustomizer@1cbb87f3 key = [org.springframework.boot.autoconfigure.cache.CacheAutoConfiguration, org.springframework.boot.autoconfigure.data.jpa.JpaRepositoriesAutoConfiguration, org.springframework.boot.autoconfigure.flyway.FlywayAutoConfiguration, org.springframework.boot.autoconfigure.jdbc.DataSourceAutoConfiguration, org.springframework.boot.autoconfigure.jdbc.DataSourceTransactionManagerAutoConfiguration, org.springframework.boot.autoconfigure.jdbc.JdbcTemplateAutoConfiguration, org.springframework.boot.autoconfigure.liquibase.LiquibaseAutoConfiguration, org.springframework.boot.autoconfigure.orm.jpa.HibernateJpaAutoConfiguration, org.springframework.boot.autoconfigure.transaction.TransactionAutoConfiguration, org.springframework.boot.test.autoconfigure.jdbc.TestDatabaseAutoConfiguration, org.springframework.boot.test.autoconfigure.orm.jpa.TestEntityManagerAutoConfiguration]], org.springframework.boot.test.context.filter.ExcludeFilterContextCustomizer@323b36e0, org.springframework.boot.test.json.DuplicateJsonObjectContextCustomizerFactory$DuplicateJsonObjectContextCustomizer@2e005c4b, org.springframework.boot.test.mock.mockito.MockitoContextCustomizer@0, org.springframework.boot.test.autoconfigure.OverrideAutoConfigurationContextCustomizerFactory$DisableAutoConfigurationContextCustomizer@6d763516, org.springframework.boot.test.autoconfigure.filter.TypeExcludeFiltersContextCustomizer@351584c0, org.springframework.boot.test.autoconfigure.properties.PropertyMappingContextCustomizer@deb35b1f, org.springframework.boot.test.autoconfigure.web.servlet.WebDriverContextCustomizerFactory$Customizer@1b7cc17c], contextLoader = 'org.springframework.boot.test.context.SpringBootContextLoader', parent = [null]], attributes = map[[empty]]]
2026-07-12 00:40:01.740  INFO 9500 --- [           main] o.s.t.c.transaction.TransactionContext   : Began transaction (1) for test context [DefaultTestContext@31e5415e testClass = ArticleRepositoryTest, testInstance = com.nico.store.store.repository.ArticleRepositoryTest@1d33e72e, testMethod = should_filter_articles_by_search_term@ArticleRepositoryTest, testException = [null], mergedContextConfiguration = [MergedContextConfiguration@a2431d0 testClass = ArticleRepositoryTest, locations = '{}', classes = '{class com.nico.store.store.StoreApplication}', contextInitializerClasses = '[]', activeProfiles = '{}', propertySourceLocations = '{}', propertySourceProperties = '{org.springframework.boot.test.autoconfigure.orm.jpa.DataJpaTestContextBootstrapper=true}', contextCustomizers = set[[ImportsContextCustomizer@1cbb87f3 key = [org.springframework.boot.autoconfigure.cache.CacheAutoConfiguration, org.springframework.boot.autoconfigure.data.jpa.JpaRepositoriesAutoConfiguration, org.springframework.boot.autoconfigure.flyway.FlywayAutoConfiguration, org.springframework.boot.autoconfigure.jdbc.DataSourceAutoConfiguration, org.springframework.boot.autoconfigure.jdbc.DataSourceTransactionManagerAutoConfiguration, org.springframework.boot.autoconfigure.jdbc.JdbcTemplateAutoConfiguration, org.springframework.boot.autoconfigure.liquibase.LiquibaseAutoConfiguration, org.springframework.boot.autoconfigure.orm.jpa.HibernateJpaAutoConfiguration, org.springframework.boot.autoconfigure.transaction.TransactionAutoConfiguration, org.springframework.boot.test.autoconfigure.jdbc.TestDatabaseAutoConfiguration, org.springframework.boot.test.autoconfigure.orm.jpa.TestEntityManagerAutoConfiguration]], org.springframework.boot.test.context.filter.ExcludeFilterContextCustomizer@323b36e0, org.springframework.boot.test.json.DuplicateJsonObjectContextCustomizerFactory$DuplicateJsonObjectContextCustomizer@2e005c4b, org.springframework.boot.test.mock.mockito.MockitoContextCustomizer@0, org.springframework.boot.test.autoconfigure.OverrideAutoConfigurationContextCustomizerFactory$DisableAutoConfigurationContextCustomizer@6d763516, org.springframework.boot.test.autoconfigure.filter.TypeExcludeFiltersContextCustomizer@351584c0, org.springframework.boot.test.autoconfigure.properties.PropertyMappingContextCustomizer@deb35b1f, org.springframework.boot.test.autoconfigure.web.servlet.WebDriverContextCustomizerFactory$Customizer@1b7cc17c], contextLoader = 'org.springframework.boot.test.context.SpringBootContextLoader', parent = [null]], attributes = map[[empty]]]; transaction manager [org.springframework.orm.jpa.JpaTransactionManager@1acc873b]; rollback [true]
Hibernate: insert into article (id, picture, price, stock, title) values (null, ?, ?, ?, ?)
Hibernate: insert into brand (id, article_id, name) values (null, ?, ?)
Hibernate: insert into category (id, article_id, name) values (null, ?, ?)
Hibernate: insert into size (id, article_id, value) values (null, ?, ?)
Hibernate: insert into size (id, article_id, value) values (null, ?, ?)
Hibernate: insert into article (id, picture, price, stock, title) values (null, ?, ?, ?, ?)
Hibernate: insert into brand (id, article_id, name) values (null, ?, ?)
Hibernate: insert into category (id, article_id, name) values (null, ?, ?)
Hibernate: insert into size (id, article_id, value) values (null, ?, ?)
Hibernate: insert into size (id, article_id, value) values (null, ?, ?)
Hibernate: insert into article (id, picture, price, stock, title) values (null, ?, ?, ?, ?)
Hibernate: insert into brand (id, article_id, name) values (null, ?, ?)
Hibernate: insert into category (id, article_id, name) values (null, ?, ?)
Hibernate: insert into size (id, article_id, value) values (null, ?, ?)
Hibernate: insert into size (id, article_id, value) values (null, ?, ?)
Hibernate: insert into size (id, article_id, value) values (null, ?, ?)
Hibernate: insert into article (id, picture, price, stock, title) values (null, ?, ?, ?, ?)
Hibernate: insert into brand (id, article_id, name) values (null, ?, ?)
Hibernate: insert into size (id, article_id, value) values (null, ?, ?)
Hibernate: insert into size (id, article_id, value) values (null, ?, ?)
Hibernate: insert into article (id, picture, price, stock, title) values (null, ?, ?, ?, ?)
Hibernate: insert into brand (id, article_id, name) values (null, ?, ?)
Hibernate: select distinct article0_.id as id1_1_, article0_.picture as picture2_1_, article0_.price as price3_1_, article0_.stock as stock4_1_, article0_.title as title5_1_ from article article0_ where article0_.title like ?
Hibernate: select distinct article0_.id as id1_1_, article0_.picture as picture2_1_, article0_.price as price3_1_, article0_.stock as stock4_1_, article0_.title as title5_1_ from article article0_ where article0_.title like ?
Hibernate: select distinct article0_.id as id1_1_, article0_.picture as picture2_1_, article0_.price as price3_1_, article0_.stock as stock4_1_, article0_.title as title5_1_ from article article0_ where article0_.title like ?
2026-07-12 00:40:01.788  INFO 9500 --- [           main] o.s.t.c.transaction.TransactionContext   : Rolled back transaction for test: [DefaultTestContext@31e5415e testClass = ArticleRepositoryTest, testInstance = com.nico.store.store.repository.ArticleRepositoryTest@1d33e72e, testMethod = should_filter_articles_by_search_term@ArticleRepositoryTest, testException = [null], mergedContextConfiguration = [MergedContextConfiguration@a2431d0 testClass = ArticleRepositoryTest, locations = '{}', classes = '{class com.nico.store.store.StoreApplication}', contextInitializerClasses = '[]', activeProfiles = '{}', propertySourceLocations = '{}', propertySourceProperties = '{org.springframework.boot.test.autoconfigure.orm.jpa.DataJpaTestContextBootstrapper=true}', contextCustomizers = set[[ImportsContextCustomizer@1cbb87f3 key = [org.springframework.boot.autoconfigure.cache.CacheAutoConfiguration, org.springframework.boot.autoconfigure.data.jpa.JpaRepositoriesAutoConfiguration, org.springframework.boot.autoconfigure.flyway.FlywayAutoConfiguration, org.springframework.boot.autoconfigure.jdbc.DataSourceAutoConfiguration, org.springframework.boot.autoconfigure.jdbc.DataSourceTransactionManagerAutoConfiguration, org.springframework.boot.autoconfigure.jdbc.JdbcTemplateAutoConfiguration, org.springframework.boot.autoconfigure.liquibase.LiquibaseAutoConfiguration, org.springframework.boot.autoconfigure.orm.jpa.HibernateJpaAutoConfiguration, org.springframework.boot.autoconfigure.transaction.TransactionAutoConfiguration, org.springframework.boot.test.autoconfigure.jdbc.TestDatabaseAutoConfiguration, org.springframework.boot.test.autoconfigure.orm.jpa.TestEntityManagerAutoConfiguration]], org.springframework.boot.test.context.filter.ExcludeFilterContextCustomizer@323b36e0, org.springframework.boot.test.json.DuplicateJsonObjectContextCustomizerFactory$DuplicateJsonObjectContextCustomizer@2e005c4b, org.springframework.boot.test.mock.mockito.MockitoContextCustomizer@0, org.springframework.boot.test.autoconfigure.OverrideAutoConfigurationContextCustomizerFactory$DisableAutoConfigurationContextCustomizer@6d763516, org.springframework.boot.test.autoconfigure.filter.TypeExcludeFiltersContextCustomizer@351584c0, org.springframework.boot.test.autoconfigure.properties.PropertyMappingContextCustomizer@deb35b1f, org.springframework.boot.test.autoconfigure.web.servlet.WebDriverContextCustomizerFactory$Customizer@1b7cc17c], contextLoader = 'org.springframework.boot.test.context.SpringBootContextLoader', parent = [null]], attributes = map[[empty]]]
2026-07-12 00:40:01.792  INFO 9500 --- [           main] o.s.t.c.transaction.TransactionContext   : Began transaction (1) for test context [DefaultTestContext@31e5415e testClass = ArticleRepositoryTest, testInstance = com.nico.store.store.repository.ArticleRepositoryTest@5a07ae2f, testMethod = should_find_all_distinct_sizes@ArticleRepositoryTest, testException = [null], mergedContextConfiguration = [MergedContextConfiguration@a2431d0 testClass = ArticleRepositoryTest, locations = '{}', classes = '{class com.nico.store.store.StoreApplication}', contextInitializerClasses = '[]', activeProfiles = '{}', propertySourceLocations = '{}', propertySourceProperties = '{org.springframework.boot.test.autoconfigure.orm.jpa.DataJpaTestContextBootstrapper=true}', contextCustomizers = set[[ImportsContextCustomizer@1cbb87f3 key = [org.springframework.boot.autoconfigure.cache.CacheAutoConfiguration, org.springframework.boot.autoconfigure.data.jpa.JpaRepositoriesAutoConfiguration, org.springframework.boot.autoconfigure.flyway.FlywayAutoConfiguration, org.springframework.boot.autoconfigure.jdbc.DataSourceAutoConfiguration, org.springframework.boot.autoconfigure.jdbc.DataSourceTransactionManagerAutoConfiguration, org.springframework.boot.autoconfigure.jdbc.JdbcTemplateAutoConfiguration, org.springframework.boot.autoconfigure.liquibase.LiquibaseAutoConfiguration, org.springframework.boot.autoconfigure.orm.jpa.HibernateJpaAutoConfiguration, org.springframework.boot.autoconfigure.transaction.TransactionAutoConfiguration, org.springframework.boot.test.autoconfigure.jdbc.TestDatabaseAutoConfiguration, org.springframework.boot.test.autoconfigure.orm.jpa.TestEntityManagerAutoConfiguration]], org.springframework.boot.test.context.filter.ExcludeFilterContextCustomizer@323b36e0, org.springframework.boot.test.json.DuplicateJsonObjectContextCustomizerFactory$DuplicateJsonObjectContextCustomizer@2e005c4b, org.springframework.boot.test.mock.mockito.MockitoContextCustomizer@0, org.springframework.boot.test.autoconfigure.OverrideAutoConfigurationContextCustomizerFactory$DisableAutoConfigurationContextCustomizer@6d763516, org.springframework.boot.test.autoconfigure.filter.TypeExcludeFiltersContextCustomizer@351584c0, org.springframework.boot.test.autoconfigure.properties.PropertyMappingContextCustomizer@deb35b1f, org.springframework.boot.test.autoconfigure.web.servlet.WebDriverContextCustomizerFactory$Customizer@1b7cc17c], contextLoader = 'org.springframework.boot.test.context.SpringBootContextLoader', parent = [null]], attributes = map[[empty]]]; transaction manager [org.springframework.orm.jpa.JpaTransactionManager@1acc873b]; rollback [true]
Hibernate: insert into article (id, picture, price, stock, title) values (null, ?, ?, ?, ?)
Hibernate: insert into brand (id, article_id, name) values (null, ?, ?)
Hibernate: insert into category (id, article_id, name) values (null, ?, ?)
Hibernate: insert into size (id, article_id, value) values (null, ?, ?)
Hibernate: insert into size (id, article_id, value) values (null, ?, ?)
Hibernate: insert into article (id, picture, price, stock, title) values (null, ?, ?, ?, ?)
Hibernate: insert into brand (id, article_id, name) values (null, ?, ?)
Hibernate: insert into category (id, article_id, name) values (null, ?, ?)
Hibernate: insert into size (id, article_id, value) values (null, ?, ?)
Hibernate: insert into size (id, article_id, value) values (null, ?, ?)
Hibernate: insert into article (id, picture, price, stock, title) values (null, ?, ?, ?, ?)
Hibernate: insert into brand (id, article_id, name) values (null, ?, ?)
Hibernate: insert into category (id, article_id, name) values (null, ?, ?)
Hibernate: insert into size (id, article_id, value) values (null, ?, ?)
Hibernate: insert into size (id, article_id, value) values (null, ?, ?)
Hibernate: insert into size (id, article_id, value) values (null, ?, ?)
Hibernate: insert into article (id, picture, price, stock, title) values (null, ?, ?, ?, ?)
Hibernate: insert into brand (id, article_id, name) values (null, ?, ?)
Hibernate: insert into size (id, article_id, value) values (null, ?, ?)
Hibernate: insert into size (id, article_id, value) values (null, ?, ?)
Hibernate: insert into article (id, picture, price, stock, title) values (null, ?, ?, ?, ?)
Hibernate: insert into brand (id, article_id, name) values (null, ?, ?)
Hibernate: select distinct size0_.value as col_0_0_ from size size0_
2026-07-12 00:40:01.824  INFO 9500 --- [           main] o.s.t.c.transaction.TransactionContext   : Rolled back transaction for test: [DefaultTestContext@31e5415e testClass = ArticleRepositoryTest, testInstance = com.nico.store.store.repository.ArticleRepositoryTest@5a07ae2f, testMethod = should_find_all_distinct_sizes@ArticleRepositoryTest, testException = [null], mergedContextConfiguration = [MergedContextConfiguration@a2431d0 testClass = ArticleRepositoryTest, locations = '{}', classes = '{class com.nico.store.store.StoreApplication}', contextInitializerClasses = '[]', activeProfiles = '{}', propertySourceLocations = '{}', propertySourceProperties = '{org.springframework.boot.test.autoconfigure.orm.jpa.DataJpaTestContextBootstrapper=true}', contextCustomizers = set[[ImportsContextCustomizer@1cbb87f3 key = [org.springframework.boot.autoconfigure.cache.CacheAutoConfiguration, org.springframework.boot.autoconfigure.data.jpa.JpaRepositoriesAutoConfiguration, org.springframework.boot.autoconfigure.flyway.FlywayAutoConfiguration, org.springframework.boot.autoconfigure.jdbc.DataSourceAutoConfiguration, org.springframework.boot.autoconfigure.jdbc.DataSourceTransactionManagerAutoConfiguration, org.springframework.boot.autoconfigure.jdbc.JdbcTemplateAutoConfiguration, org.springframework.boot.autoconfigure.liquibase.LiquibaseAutoConfiguration, org.springframework.boot.autoconfigure.orm.jpa.HibernateJpaAutoConfiguration, org.springframework.boot.autoconfigure.transaction.TransactionAutoConfiguration, org.springframework.boot.test.autoconfigure.jdbc.TestDatabaseAutoConfiguration, org.springframework.boot.test.autoconfigure.orm.jpa.TestEntityManagerAutoConfiguration]], org.springframework.boot.test.context.filter.ExcludeFilterContextCustomizer@323b36e0, org.springframework.boot.test.json.DuplicateJsonObjectContextCustomizerFactory$DuplicateJsonObjectContextCustomizer@2e005c4b, org.springframework.boot.test.mock.mockito.MockitoContextCustomizer@0, org.springframework.boot.test.autoconfigure.OverrideAutoConfigurationContextCustomizerFactory$DisableAutoConfigurationContextCustomizer@6d763516, org.springframework.boot.test.autoconfigure.filter.TypeExcludeFiltersContextCustomizer@351584c0, org.springframework.boot.test.autoconfigure.properties.PropertyMappingContextCustomizer@deb35b1f, org.springframework.boot.test.autoconfigure.web.servlet.WebDriverContextCustomizerFactory$Customizer@1b7cc17c], contextLoader = 'org.springframework.boot.test.context.SpringBootContextLoader', parent = [null]], attributes = map[[empty]]]
2026-07-12 00:40:01.828  INFO 9500 --- [           main] o.s.t.c.transaction.TransactionContext   : Began transaction (1) for test context [DefaultTestContext@31e5415e testClass = ArticleRepositoryTest, testInstance = com.nico.store.store.repository.ArticleRepositoryTest@1fa44f66, testMethod = should_filter_articles_by_size@ArticleRepositoryTest, testException = [null], mergedContextConfiguration = [MergedContextConfiguration@a2431d0 testClass = ArticleRepositoryTest, locations = '{}', classes = '{class com.nico.store.store.StoreApplication}', contextInitializerClasses = '[]', activeProfiles = '{}', propertySourceLocations = '{}', propertySourceProperties = '{org.springframework.boot.test.autoconfigure.orm.jpa.DataJpaTestContextBootstrapper=true}', contextCustomizers = set[[ImportsContextCustomizer@1cbb87f3 key = [org.springframework.boot.autoconfigure.cache.CacheAutoConfiguration, org.springframework.boot.autoconfigure.data.jpa.JpaRepositoriesAutoConfiguration, org.springframework.boot.autoconfigure.flyway.FlywayAutoConfiguration, org.springframework.boot.autoconfigure.jdbc.DataSourceAutoConfiguration, org.springframework.boot.autoconfigure.jdbc.DataSourceTransactionManagerAutoConfiguration, org.springframework.boot.autoconfigure.jdbc.JdbcTemplateAutoConfiguration, org.springframework.boot.autoconfigure.liquibase.LiquibaseAutoConfiguration, org.springframework.boot.autoconfigure.orm.jpa.HibernateJpaAutoConfiguration, org.springframework.boot.autoconfigure.transaction.TransactionAutoConfiguration, org.springframework.boot.test.autoconfigure.jdbc.TestDatabaseAutoConfiguration, org.springframework.boot.test.autoconfigure.orm.jpa.TestEntityManagerAutoConfiguration]], org.springframework.boot.test.context.filter.ExcludeFilterContextCustomizer@323b36e0, org.springframework.boot.test.json.DuplicateJsonObjectContextCustomizerFactory$DuplicateJsonObjectContextCustomizer@2e005c4b, org.springframework.boot.test.mock.mockito.MockitoContextCustomizer@0, org.springframework.boot.test.autoconfigure.OverrideAutoConfigurationContextCustomizerFactory$DisableAutoConfigurationContextCustomizer@6d763516, org.springframework.boot.test.autoconfigure.filter.TypeExcludeFiltersContextCustomizer@351584c0, org.springframework.boot.test.autoconfigure.properties.PropertyMappingContextCustomizer@deb35b1f, org.springframework.boot.test.autoconfigure.web.servlet.WebDriverContextCustomizerFactory$Customizer@1b7cc17c], contextLoader = 'org.springframework.boot.test.context.SpringBootContextLoader', parent = [null]], attributes = map[[empty]]]; transaction manager [org.springframework.orm.jpa.JpaTransactionManager@1acc873b]; rollback [true]
Hibernate: insert into article (id, picture, price, stock, title) values (null, ?, ?, ?, ?)
Hibernate: insert into brand (id, article_id, name) values (null, ?, ?)
Hibernate: insert into category (id, article_id, name) values (null, ?, ?)
Hibernate: insert into size (id, article_id, value) values (null, ?, ?)
Hibernate: insert into size (id, article_id, value) values (null, ?, ?)
Hibernate: insert into article (id, picture, price, stock, title) values (null, ?, ?, ?, ?)
Hibernate: insert into brand (id, article_id, name) values (null, ?, ?)
Hibernate: insert into category (id, article_id, name) values (null, ?, ?)
Hibernate: insert into size (id, article_id, value) values (null, ?, ?)
Hibernate: insert into size (id, article_id, value) values (null, ?, ?)
Hibernate: insert into article (id, picture, price, stock, title) values (null, ?, ?, ?, ?)
Hibernate: insert into brand (id, article_id, name) values (null, ?, ?)
Hibernate: insert into category (id, article_id, name) values (null, ?, ?)
Hibernate: insert into size (id, article_id, value) values (null, ?, ?)
Hibernate: insert into size (id, article_id, value) values (null, ?, ?)
Hibernate: insert into size (id, article_id, value) values (null, ?, ?)
Hibernate: insert into article (id, picture, price, stock, title) values (null, ?, ?, ?, ?)
Hibernate: insert into brand (id, article_id, name) values (null, ?, ?)
Hibernate: insert into size (id, article_id, value) values (null, ?, ?)
Hibernate: insert into size (id, article_id, value) values (null, ?, ?)
Hibernate: insert into article (id, picture, price, stock, title) values (null, ?, ?, ?, ?)
Hibernate: insert into brand (id, article_id, name) values (null, ?, ?)
Hibernate: select distinct article0_.id as id1_1_, article0_.picture as picture2_1_, article0_.price as price3_1_, article0_.stock as stock4_1_, article0_.title as title5_1_ from article article0_ inner join size sizes1_ on article0_.id=sizes1_.article_id where sizes1_.value in (? , ?)
Hibernate: select distinct article0_.id as id1_1_, article0_.picture as picture2_1_, article0_.price as price3_1_, article0_.stock as stock4_1_, article0_.title as title5_1_ from article article0_ inner join size sizes1_ on article0_.id=sizes1_.article_id where sizes1_.value in (?)
2026-07-12 00:40:01.871  INFO 9500 --- [           main] o.s.t.c.transaction.TransactionContext   : Rolled back transaction for test: [DefaultTestContext@31e5415e testClass = ArticleRepositoryTest, testInstance = com.nico.store.store.repository.ArticleRepositoryTest@1fa44f66, testMethod = should_filter_articles_by_size@ArticleRepositoryTest, testException = [null], mergedContextConfiguration = [MergedContextConfiguration@a2431d0 testClass = ArticleRepositoryTest, locations = '{}', classes = '{class com.nico.store.store.StoreApplication}', contextInitializerClasses = '[]', activeProfiles = '{}', propertySourceLocations = '{}', propertySourceProperties = '{org.springframework.boot.test.autoconfigure.orm.jpa.DataJpaTestContextBootstrapper=true}', contextCustomizers = set[[ImportsContextCustomizer@1cbb87f3 key = [org.springframework.boot.autoconfigure.cache.CacheAutoConfiguration, org.springframework.boot.autoconfigure.data.jpa.JpaRepositoriesAutoConfiguration, org.springframework.boot.autoconfigure.flyway.FlywayAutoConfiguration, org.springframework.boot.autoconfigure.jdbc.DataSourceAutoConfiguration, org.springframework.boot.autoconfigure.jdbc.DataSourceTransactionManagerAutoConfiguration, org.springframework.boot.autoconfigure.jdbc.JdbcTemplateAutoConfiguration, org.springframework.boot.autoconfigure.liquibase.LiquibaseAutoConfiguration, org.springframework.boot.autoconfigure.orm.jpa.HibernateJpaAutoConfiguration, org.springframework.boot.autoconfigure.transaction.TransactionAutoConfiguration, org.springframework.boot.test.autoconfigure.jdbc.TestDatabaseAutoConfiguration, org.springframework.boot.test.autoconfigure.orm.jpa.TestEntityManagerAutoConfiguration]], org.springframework.boot.test.context.filter.ExcludeFilterContextCustomizer@323b36e0, org.springframework.boot.test.json.DuplicateJsonObjectContextCustomizerFactory$DuplicateJsonObjectContextCustomizer@2e005c4b, org.springframework.boot.test.mock.mockito.MockitoContextCustomizer@0, org.springframework.boot.test.autoconfigure.OverrideAutoConfigurationContextCustomizerFactory$DisableAutoConfigurationContextCustomizer@6d763516, org.springframework.boot.test.autoconfigure.filter.TypeExcludeFiltersContextCustomizer@351584c0, org.springframework.boot.test.autoconfigure.properties.PropertyMappingContextCustomizer@deb35b1f, org.springframework.boot.test.autoconfigure.web.servlet.WebDriverContextCustomizerFactory$Customizer@1b7cc17c], contextLoader = 'org.springframework.boot.test.context.SpringBootContextLoader', parent = [null]], attributes = map[[empty]]]
2026-07-12 00:40:01.875  INFO 9500 --- [           main] o.s.t.c.transaction.TransactionContext   : Began transaction (1) for test context [DefaultTestContext@31e5415e testClass = ArticleRepositoryTest, testInstance = com.nico.store.store.repository.ArticleRepositoryTest@240df292, testMethod = should_filter_articles_between_prices@ArticleRepositoryTest, testException = [null], mergedContextConfiguration = [MergedContextConfiguration@a2431d0 testClass = ArticleRepositoryTest, locations = '{}', classes = '{class com.nico.store.store.StoreApplication}', contextInitializerClasses = '[]', activeProfiles = '{}', propertySourceLocations = '{}', propertySourceProperties = '{org.springframework.boot.test.autoconfigure.orm.jpa.DataJpaTestContextBootstrapper=true}', contextCustomizers = set[[ImportsContextCustomizer@1cbb87f3 key = [org.springframework.boot.autoconfigure.cache.CacheAutoConfiguration, org.springframework.boot.autoconfigure.data.jpa.JpaRepositoriesAutoConfiguration, org.springframework.boot.autoconfigure.flyway.FlywayAutoConfiguration, org.springframework.boot.autoconfigure.jdbc.DataSourceAutoConfiguration, org.springframework.boot.autoconfigure.jdbc.DataSourceTransactionManagerAutoConfiguration, org.springframework.boot.autoconfigure.jdbc.JdbcTemplateAutoConfiguration, org.springframework.boot.autoconfigure.liquibase.LiquibaseAutoConfiguration, org.springframework.boot.autoconfigure.orm.jpa.HibernateJpaAutoConfiguration, org.springframework.boot.autoconfigure.transaction.TransactionAutoConfiguration, org.springframework.boot.test.autoconfigure.jdbc.TestDatabaseAutoConfiguration, org.springframework.boot.test.autoconfigure.orm.jpa.TestEntityManagerAutoConfiguration]], org.springframework.boot.test.context.filter.ExcludeFilterContextCustomizer@323b36e0, org.springframework.boot.test.json.DuplicateJsonObjectContextCustomizerFactory$DuplicateJsonObjectContextCustomizer@2e005c4b, org.springframework.boot.test.mock.mockito.MockitoContextCustomizer@0, org.springframework.boot.test.autoconfigure.OverrideAutoConfigurationContextCustomizerFactory$DisableAutoConfigurationContextCustomizer@6d763516, org.springframework.boot.test.autoconfigure.filter.TypeExcludeFiltersContextCustomizer@351584c0, org.springframework.boot.test.autoconfigure.properties.PropertyMappingContextCustomizer@deb35b1f, org.springframework.boot.test.autoconfigure.web.servlet.WebDriverContextCustomizerFactory$Customizer@1b7cc17c], contextLoader = 'org.springframework.boot.test.context.SpringBootContextLoader', parent = [null]], attributes = map[[empty]]]; transaction manager [org.springframework.orm.jpa.JpaTransactionManager@1acc873b]; rollback [true]
Hibernate: insert into article (id, picture, price, stock, title) values (null, ?, ?, ?, ?)
Hibernate: insert into brand (id, article_id, name) values (null, ?, ?)
Hibernate: insert into category (id, article_id, name) values (null, ?, ?)
Hibernate: insert into size (id, article_id, value) values (null, ?, ?)
Hibernate: insert into size (id, article_id, value) values (null, ?, ?)
Hibernate: insert into article (id, picture, price, stock, title) values (null, ?, ?, ?, ?)
Hibernate: insert into brand (id, article_id, name) values (null, ?, ?)
Hibernate: insert into category (id, article_id, name) values (null, ?, ?)
Hibernate: insert into size (id, article_id, value) values (null, ?, ?)
Hibernate: insert into size (id, article_id, value) values (null, ?, ?)
Hibernate: insert into article (id, picture, price, stock, title) values (null, ?, ?, ?, ?)
Hibernate: insert into brand (id, article_id, name) values (null, ?, ?)
Hibernate: insert into category (id, article_id, name) values (null, ?, ?)
Hibernate: insert into size (id, article_id, value) values (null, ?, ?)
Hibernate: insert into size (id, article_id, value) values (null, ?, ?)
Hibernate: insert into size (id, article_id, value) values (null, ?, ?)
Hibernate: insert into article (id, picture, price, stock, title) values (null, ?, ?, ?, ?)
Hibernate: insert into brand (id, article_id, name) values (null, ?, ?)
Hibernate: insert into size (id, article_id, value) values (null, ?, ?)
Hibernate: insert into size (id, article_id, value) values (null, ?, ?)
Hibernate: insert into article (id, picture, price, stock, title) values (null, ?, ?, ?, ?)
Hibernate: insert into brand (id, article_id, name) values (null, ?, ?)
Hibernate: select distinct article0_.id as id1_1_, article0_.picture as picture2_1_, article0_.price as price3_1_, article0_.stock as stock4_1_, article0_.title as title5_1_ from article article0_ where article0_.price>=100.0 and article0_.price<=300.0
2026-07-12 00:40:01.906  INFO 9500 --- [           main] o.s.t.c.transaction.TransactionContext   : Rolled back transaction for test: [DefaultTestContext@31e5415e testClass = ArticleRepositoryTest, testInstance = com.nico.store.store.repository.ArticleRepositoryTest@240df292, testMethod = should_filter_articles_between_prices@ArticleRepositoryTest, testException = [null], mergedContextConfiguration = [MergedContextConfiguration@a2431d0 testClass = ArticleRepositoryTest, locations = '{}', classes = '{class com.nico.store.store.StoreApplication}', contextInitializerClasses = '[]', activeProfiles = '{}', propertySourceLocations = '{}', propertySourceProperties = '{org.springframework.boot.test.autoconfigure.orm.jpa.DataJpaTestContextBootstrapper=true}', contextCustomizers = set[[ImportsContextCustomizer@1cbb87f3 key = [org.springframework.boot.autoconfigure.cache.CacheAutoConfiguration, org.springframework.boot.autoconfigure.data.jpa.JpaRepositoriesAutoConfiguration, org.springframework.boot.autoconfigure.flyway.FlywayAutoConfiguration, org.springframework.boot.autoconfigure.jdbc.DataSourceAutoConfiguration, org.springframework.boot.autoconfigure.jdbc.DataSourceTransactionManagerAutoConfiguration, org.springframework.boot.autoconfigure.jdbc.JdbcTemplateAutoConfiguration, org.springframework.boot.autoconfigure.liquibase.LiquibaseAutoConfiguration, org.springframework.boot.autoconfigure.orm.jpa.HibernateJpaAutoConfiguration, org.springframework.boot.autoconfigure.transaction.TransactionAutoConfiguration, org.springframework.boot.test.autoconfigure.jdbc.TestDatabaseAutoConfiguration, org.springframework.boot.test.autoconfigure.orm.jpa.TestEntityManagerAutoConfiguration]], org.springframework.boot.test.context.filter.ExcludeFilterContextCustomizer@323b36e0, org.springframework.boot.test.json.DuplicateJsonObjectContextCustomizerFactory$DuplicateJsonObjectContextCustomizer@2e005c4b, org.springframework.boot.test.mock.mockito.MockitoContextCustomizer@0, org.springframework.boot.test.autoconfigure.OverrideAutoConfigurationContextCustomizerFactory$DisableAutoConfigurationContextCustomizer@6d763516, org.springframework.boot.test.autoconfigure.filter.TypeExcludeFiltersContextCustomizer@351584c0, org.springframework.boot.test.autoconfigure.properties.PropertyMappingContextCustomizer@deb35b1f, org.springframework.boot.test.autoconfigure.web.servlet.WebDriverContextCustomizerFactory$Customizer@1b7cc17c], contextLoader = 'org.springframework.boot.test.context.SpringBootContextLoader', parent = [null]], attributes = map[[empty]]]
2026-07-12 00:40:01.913  INFO 9500 --- [           main] o.s.t.c.transaction.TransactionContext   : Began transaction (1) for test context [DefaultTestContext@31e5415e testClass = ArticleRepositoryTest, testInstance = com.nico.store.store.repository.ArticleRepositoryTest@43a8bd35, testMethod = should_find_all_distinct_categories@ArticleRepositoryTest, testException = [null], mergedContextConfiguration = [MergedContextConfiguration@a2431d0 testClass = ArticleRepositoryTest, locations = '{}', classes = '{class com.nico.store.store.StoreApplication}', contextInitializerClasses = '[]', activeProfiles = '{}', propertySourceLocations = '{}', propertySourceProperties = '{org.springframework.boot.test.autoconfigure.orm.jpa.DataJpaTestContextBootstrapper=true}', contextCustomizers = set[[ImportsContextCustomizer@1cbb87f3 key = [org.springframework.boot.autoconfigure.cache.CacheAutoConfiguration, org.springframework.boot.autoconfigure.data.jpa.JpaRepositoriesAutoConfiguration, org.springframework.boot.autoconfigure.flyway.FlywayAutoConfiguration, org.springframework.boot.autoconfigure.jdbc.DataSourceAutoConfiguration, org.springframework.boot.autoconfigure.jdbc.DataSourceTransactionManagerAutoConfiguration, org.springframework.boot.autoconfigure.jdbc.JdbcTemplateAutoConfiguration, org.springframework.boot.autoconfigure.liquibase.LiquibaseAutoConfiguration, org.springframework.boot.autoconfigure.orm.jpa.HibernateJpaAutoConfiguration, org.springframework.boot.autoconfigure.transaction.TransactionAutoConfiguration, org.springframework.boot.test.autoconfigure.jdbc.TestDatabaseAutoConfiguration, org.springframework.boot.test.autoconfigure.orm.jpa.TestEntityManagerAutoConfiguration]], org.springframework.boot.test.context.filter.ExcludeFilterContextCustomizer@323b36e0, org.springframework.boot.test.json.DuplicateJsonObjectContextCustomizerFactory$DuplicateJsonObjectContextCustomizer@2e005c4b, org.springframework.boot.test.mock.mockito.MockitoContextCustomizer@0, org.springframework.boot.test.autoconfigure.OverrideAutoConfigurationContextCustomizerFactory$DisableAutoConfigurationContextCustomizer@6d763516, org.springframework.boot.test.autoconfigure.filter.TypeExcludeFiltersContextCustomizer@351584c0, org.springframework.boot.test.autoconfigure.properties.PropertyMappingContextCustomizer@deb35b1f, org.springframework.boot.test.autoconfigure.web.servlet.WebDriverContextCustomizerFactory$Customizer@1b7cc17c], contextLoader = 'org.springframework.boot.test.context.SpringBootContextLoader', parent = [null]], attributes = map[[empty]]]; transaction manager [org.springframework.orm.jpa.JpaTransactionManager@1acc873b]; rollback [true]
Hibernate: insert into article (id, picture, price, stock, title) values (null, ?, ?, ?, ?)
Hibernate: insert into brand (id, article_id, name) values (null, ?, ?)
Hibernate: insert into category (id, article_id, name) values (null, ?, ?)
Hibernate: insert into size (id, article_id, value) values (null, ?, ?)
Hibernate: insert into size (id, article_id, value) values (null, ?, ?)
Hibernate: insert into article (id, picture, price, stock, title) values (null, ?, ?, ?, ?)
Hibernate: insert into brand (id, article_id, name) values (null, ?, ?)
Hibernate: insert into category (id, article_id, name) values (null, ?, ?)
Hibernate: insert into size (id, article_id, value) values (null, ?, ?)
Hibernate: insert into size (id, article_id, value) values (null, ?, ?)
Hibernate: insert into article (id, picture, price, stock, title) values (null, ?, ?, ?, ?)
Hibernate: insert into brand (id, article_id, name) values (null, ?, ?)
Hibernate: insert into category (id, article_id, name) values (null, ?, ?)
Hibernate: insert into size (id, article_id, value) values (null, ?, ?)
Hibernate: insert into size (id, article_id, value) values (null, ?, ?)
Hibernate: insert into size (id, article_id, value) values (null, ?, ?)
Hibernate: insert into article (id, picture, price, stock, title) values (null, ?, ?, ?, ?)
Hibernate: insert into brand (id, article_id, name) values (null, ?, ?)
Hibernate: insert into size (id, article_id, value) values (null, ?, ?)
Hibernate: insert into size (id, article_id, value) values (null, ?, ?)
Hibernate: insert into article (id, picture, price, stock, title) values (null, ?, ?, ?, ?)
Hibernate: insert into brand (id, article_id, name) values (null, ?, ?)
Hibernate: select distinct category0_.name as col_0_0_ from category category0_
2026-07-12 00:40:01.940  INFO 9500 --- [           main] o.s.t.c.transaction.TransactionContext   : Rolled back transaction for test: [DefaultTestContext@31e5415e testClass = ArticleRepositoryTest, testInstance = com.nico.store.store.repository.ArticleRepositoryTest@43a8bd35, testMethod = should_find_all_distinct_categories@ArticleRepositoryTest, testException = [null], mergedContextConfiguration = [MergedContextConfiguration@a2431d0 testClass = ArticleRepositoryTest, locations = '{}', classes = '{class com.nico.store.store.StoreApplication}', contextInitializerClasses = '[]', activeProfiles = '{}', propertySourceLocations = '{}', propertySourceProperties = '{org.springframework.boot.test.autoconfigure.orm.jpa.DataJpaTestContextBootstrapper=true}', contextCustomizers = set[[ImportsContextCustomizer@1cbb87f3 key = [org.springframework.boot.autoconfigure.cache.CacheAutoConfiguration, org.springframework.boot.autoconfigure.data.jpa.JpaRepositoriesAutoConfiguration, org.springframework.boot.autoconfigure.flyway.FlywayAutoConfiguration, org.springframework.boot.autoconfigure.jdbc.DataSourceAutoConfiguration, org.springframework.boot.autoconfigure.jdbc.DataSourceTransactionManagerAutoConfiguration, org.springframework.boot.autoconfigure.jdbc.JdbcTemplateAutoConfiguration, org.springframework.boot.autoconfigure.liquibase.LiquibaseAutoConfiguration, org.springframework.boot.autoconfigure.orm.jpa.HibernateJpaAutoConfiguration, org.springframework.boot.autoconfigure.transaction.TransactionAutoConfiguration, org.springframework.boot.test.autoconfigure.jdbc.TestDatabaseAutoConfiguration, org.springframework.boot.test.autoconfigure.orm.jpa.TestEntityManagerAutoConfiguration]], org.springframework.boot.test.context.filter.ExcludeFilterContextCustomizer@323b36e0, org.springframework.boot.test.json.DuplicateJsonObjectContextCustomizerFactory$DuplicateJsonObjectContextCustomizer@2e005c4b, org.springframework.boot.test.mock.mockito.MockitoContextCustomizer@0, org.springframework.boot.test.autoconfigure.OverrideAutoConfigurationContextCustomizerFactory$DisableAutoConfigurationContextCustomizer@6d763516, org.springframework.boot.test.autoconfigure.filter.TypeExcludeFiltersContextCustomizer@351584c0, org.springframework.boot.test.autoconfigure.properties.PropertyMappingContextCustomizer@deb35b1f, org.springframework.boot.test.autoconfigure.web.servlet.WebDriverContextCustomizerFactory$Customizer@1b7cc17c], contextLoader = 'org.springframework.boot.test.context.SpringBootContextLoader', parent = [null]], attributes = map[[empty]]]
2026-07-12 00:40:01.944  INFO 9500 --- [           main] .b.t.c.SpringBootTestContextBootstrapper : Neither @ContextConfiguration nor @ContextHierarchy found for test class [com.nico.store.store.StoreApplicationTests], using SpringBootContextLoader
2026-07-12 00:40:01.945  INFO 9500 --- [           main] o.s.t.c.support.AbstractContextLoader    : Could not detect default resource locations for test class [com.nico.store.store.StoreApplicationTests]: no resource found for suffixes {-context.xml, Context.groovy}.
2026-07-12 00:40:01.945  INFO 9500 --- [           main] t.c.s.AnnotationConfigContextLoaderUtils : Could not detect default configuration classes for test class [com.nico.store.store.StoreApplicationTests]: StoreApplicationTests does not declare any static, non-private, non-final, nested classes annotated with @Configuration.
2026-07-12 00:40:01.958  INFO 9500 --- [           main] .b.t.c.SpringBootTestContextBootstrapper : Found @SpringBootConfiguration com.nico.store.store.StoreApplication for test class com.nico.store.store.StoreApplicationTests
2026-07-12 00:40:01.962  INFO 9500 --- [           main] .b.t.c.SpringBootTestContextBootstrapper : Loaded default TestExecutionListener class names from location [META-INF/spring.factories]: [org.springframework.boot.test.mock.mockito.MockitoTestExecutionListener, org.springframework.boot.test.mock.mockito.ResetMocksTestExecutionListener, org.springframework.boot.test.autoconfigure.restdocs.RestDocsTestExecutionListener, org.springframework.boot.test.autoconfigure.web.client.MockRestServiceServerResetTestExecutionListener, org.springframework.boot.test.autoconfigure.web.servlet.MockMvcPrintOnlyOnFailureTestExecutionListener, org.springframework.boot.test.autoconfigure.web.servlet.WebDriverTestExecutionListener, org.springframework.test.context.web.ServletTestExecutionListener, org.springframework.test.context.support.DirtiesContextBeforeModesTestExecutionListener, org.springframework.test.context.support.DependencyInjectionTestExecutionListener, org.springframework.test.context.support.DirtiesContextTestExecutionListener, org.springframework.test.context.transaction.TransactionalTestExecutionListener, org.springframework.test.context.jdbc.SqlScriptsTestExecutionListener]
2026-07-12 00:40:01.963  INFO 9500 --- [           main] .b.t.c.SpringBootTestContextBootstrapper : Using TestExecutionListeners: [org.springframework.test.context.web.ServletTestExecutionListener@45648e75, org.springframework.test.context.support.DirtiesContextBeforeModesTestExecutionListener@e344f14, org.springframework.boot.test.mock.mockito.MockitoTestExecutionListener@2d117280, org.springframework.boot.test.autoconfigure.SpringBootDependencyInjectionTestExecutionListener@6c2be147, org.springframework.test.context.support.DirtiesContextTestExecutionListener@dddcd91, org.springframework.test.context.transaction.TransactionalTestExecutionListener@21bd6fd1, org.springframework.test.context.jdbc.SqlScriptsTestExecutionListener@79e9c14, org.springframework.boot.test.mock.mockito.ResetMocksTestExecutionListener@340c7479, org.springframework.boot.test.autoconfigure.restdocs.RestDocsTestExecutionListener@575e862c, org.springframework.boot.test.autoconfigure.web.client.MockRestServiceServerResetTestExecutionListener@1d57b8f1, org.springframework.boot.test.autoconfigure.web.servlet.MockMvcPrintOnlyOnFailureTestExecutionListener@6e5af973, org.springframework.boot.test.autoconfigure.web.servlet.WebDriverTestExecutionListener@39a2e77d]

  .   ____          _            __ _ _
 /\\ / ___'_ __ _ _(_)_ __  __ _ \ \ \ \
( ( )\___ | '_ | '_| | '_ \/ _` | \ \ \ \
 \\/  ___)| |_)| | | | | || (_| |  ) ) ) )
  '  |____| .__|_| |_|_| |_\__, | / / / /
 =========|_|==============|___/=/_/_/_/
 :: Spring Boot ::        (v2.1.3.RELEASE)

2026-07-12 00:40:02.031  INFO 9500 --- [           main] c.n.store.store.StoreApplicationTests    : Starting StoreApplicationTests on Varun with PID 9500 (started by varun in C:\Users\varun\E-commerce-shoes-Website\eshop)
2026-07-12 00:40:02.032  INFO 9500 --- [           main] c.n.store.store.StoreApplicationTests    : No active profile set, falling back to default profiles: default
2026-07-12 00:40:02.929  INFO 9500 --- [           main] .s.d.r.c.RepositoryConfigurationDelegate : Bootstrapping Spring Data repositories in DEFAULT mode.
2026-07-12 00:40:03.005  INFO 9500 --- [           main] .s.d.r.c.RepositoryConfigurationDelegate : Finished Spring Data repository scanning in 76ms. Found 5 repository interfaces.
2026-07-12 00:40:03.527  INFO 9500 --- [           main] trationDelegate$BeanPostProcessorChecker : Bean 'org.springframework.transaction.annotation.ProxyTransactionManagementConfiguration' of type [org.springframework.transaction.annotation.ProxyTransactionManagementConfiguration$$EnhancerBySpringCGLIB$$90d0278f] is not eligible for getting processed by all BeanPostProcessors (for example: not eligible for auto-proxying)
2026-07-12 00:40:03.639  INFO 9500 --- [           main] trationDelegate$BeanPostProcessorChecker : Bean 'org.springframework.security.config.annotation.configuration.ObjectPostProcessorConfiguration' of type [org.springframework.security.config.annotation.configuration.ObjectPostProcessorConfiguration$$EnhancerBySpringCGLIB$$297defc9] is not eligible for getting processed by all BeanPostProcessors (for example: not eligible for auto-proxying)
2026-07-12 00:40:03.653  INFO 9500 --- [           main] trationDelegate$BeanPostProcessorChecker : Bean 'objectPostProcessor' of type [org.springframework.security.config.annotation.configuration.AutowireBeanFactoryObjectPostProcessor] is not eligible for getting processed by all BeanPostProcessors (for example: not eligible for auto-proxying)
2026-07-12 00:40:03.655  INFO 9500 --- [           main] trationDelegate$BeanPostProcessorChecker : Bean 'org.springframework.security.access.expression.method.DefaultMethodSecurityExpressionHandler@61d9dd15' of type [org.springframework.security.access.expression.method.DefaultMethodSecurityExpressionHandler] is not eligible for getting processed by all BeanPostProcessors (for example: not eligible for auto-proxying)
2026-07-12 00:40:03.666  INFO 9500 --- [           main] trationDelegate$BeanPostProcessorChecker : Bean 'org.springframework.security.config.annotation.method.configuration.GlobalMethodSecurityConfiguration' of type [org.springframework.security.config.annotation.method.configuration.GlobalMethodSecurityConfiguration$$EnhancerBySpringCGLIB$$4e52927b] is not eligible for getting processed by all BeanPostProcessors (for example: not eligible for auto-proxying)
2026-07-12 00:40:03.677  INFO 9500 --- [           main] trationDelegate$BeanPostProcessorChecker : Bean 'methodSecurityMetadataSource' of type [org.springframework.security.access.method.DelegatingMethodSecurityMetadataSource] is not eligible for getting processed by all BeanPostProcessors (for example: not eligible for auto-proxying)
2026-07-12 00:40:03.910  INFO 9500 --- [           main] com.zaxxer.hikari.HikariDataSource       : HikariPool-1 - Starting...
2026-07-12 00:40:03.942  INFO 9500 --- [           main] com.zaxxer.hikari.HikariDataSource       : HikariPool-1 - Start completed.
2026-07-12 00:40:04.006  INFO 9500 --- [           main] o.hibernate.jpa.internal.util.LogHelper  : HHH000204: Processing PersistenceUnitInfo [
	name: default
	...]
2026-07-12 00:40:04.026  INFO 9500 --- [           main] org.hibernate.dialect.Dialect            : HHH000400: Using dialect: org.hibernate.dialect.H2Dialect
2026-07-12 00:40:04.241  INFO 9500 --- [           main] o.h.t.schema.internal.SchemaCreatorImpl  : HHH000476: Executing import script 'org.hibernate.tool.schema.internal.exec.ScriptSourceInputNonExistentImpl@3451fc88'
2026-07-12 00:40:04.242  INFO 9500 --- [           main] j.LocalContainerEntityManagerFactoryBean : Initialized JPA EntityManagerFactory for persistence unit 'default'
2026-07-12 00:40:04.927  INFO 9500 --- [           main] o.h.h.i.QueryTranslatorFactoryInitiator  : HHH000397: Using ASTQueryTranslatorFactory
2026-07-12 00:40:05.577  INFO 9500 --- [           main] o.s.s.web.DefaultSecurityFilterChain     : Creating filter chain: any request, [org.springframework.security.web.context.request.async.WebAsyncManagerIntegrationFilter@4d50f682, org.springframework.security.web.context.SecurityContextPersistenceFilter@2e76ade9, org.springframework.security.web.header.HeaderWriterFilter@55f54852, org.springframework.security.web.authentication.logout.LogoutFilter@6202f8bf, org.springframework.security.web.authentication.UsernamePasswordAuthenticationFilter@3420547, org.springframework.security.web.savedrequest.RequestCacheAwareFilter@67cd1db3, org.springframework.security.web.servletapi.SecurityContextHolderAwareRequestFilter@45fa7fb7, org.springframework.security.web.authentication.rememberme.RememberMeAuthenticationFilter@58ec3e8b, org.springframework.security.web.authentication.AnonymousAuthenticationFilter@3445341, org.springframework.security.web.session.SessionManagementFilter@5af8ef61, org.springframework.security.web.access.ExceptionTranslationFilter@7e9ea888, org.springframework.security.web.access.intercept.FilterSecurityInterceptor@54a7d1b9]
2026-07-12 00:40:06.641  INFO 9500 --- [           main] o.s.s.concurrent.ThreadPoolTaskExecutor  : Initializing ExecutorService 'applicationTaskExecutor'
2026-07-12 00:40:06.777  WARN 9500 --- [           main] aWebConfiguration$JpaWebMvcConfiguration : spring.jpa.open-in-view is enabled by default. Therefore, database queries may be performed during view rendering. Explicitly configure spring.jpa.open-in-view to disable this warning
2026-07-12 00:40:07.156  INFO 9500 --- [           main] o.s.b.a.w.s.WelcomePageHandlerMapping    : Adding welcome page template: index
2026-07-12 00:40:07.627  INFO 9500 --- [           main] c.n.store.store.StoreApplicationTests    : Started StoreApplicationTests in 5.65 seconds (JVM running for 15.559)
2026-07-12 00:40:08.460  INFO 9500 --- [       Thread-2] j.LocalContainerEntityManagerFactoryBean : Closing JPA EntityManagerFactory for persistence unit 'default'
2026-07-12 00:40:08.460  INFO 9500 --- [       Thread-5] o.s.s.concurrent.ThreadPoolTaskExecutor  : Shutting down ExecutorService 'applicationTaskExecutor'
2026-07-12 00:40:08.461  INFO 9500 --- [       Thread-2] .SchemaDropperImpl$DelayedDropActionImpl : HHH000477: Starting delayed evictData of schema as part of SessionFactory shut-down'
Hibernate: drop table address if exists
2026-07-12 00:40:08.464  INFO 9500 --- [       Thread-5] j.LocalContainerEntityManagerFactoryBean : Closing JPA EntityManagerFactory for persistence unit 'default'
2026-07-12 00:40:08.464  INFO 9500 --- [       Thread-5] .SchemaDropperImpl$DelayedDropActionImpl : HHH000477: Starting delayed evictData of schema as part of SessionFactory shut-down'
2026-07-12 00:40:08.467  WARN 9500 --- [       Thread-5] o.h.engine.jdbc.spi.SqlExceptionHelper   : SQL Error: 90121, SQLState: 90121
2026-07-12 00:40:08.467 ERROR 9500 --- [       Thread-5] o.h.engine.jdbc.spi.SqlExceptionHelper   : Database is already closed (to disable automatic closing at VM shutdown, add ";DB_CLOSE_ON_EXIT=FALSE" to the db URL) [90121-197]
Hibernate: drop table article if exists
Hibernate: drop table brand if exists
Hibernate: drop table cart_item if exists
2026-07-12 00:40:08.472  WARN 9500 --- [       Thread-5] o.h.engine.jdbc.spi.SqlExceptionHelper   : SQL Error: 90121, SQLState: 90121
2026-07-12 00:40:08.472 ERROR 9500 --- [       Thread-5] o.h.engine.jdbc.spi.SqlExceptionHelper   : Database is already closed (to disable automatic closing at VM shutdown, add ";DB_CLOSE_ON_EXIT=FALSE" to the db URL) [90121-197]
2026-07-12 00:40:08.474  INFO 9500 --- [       Thread-5] o.s.b.f.support.DisposableBeanAdapter    : Invocation of destroy method failed on bean with name 'entityManagerFactory': org.hibernate.exception.GenericJDBCException: Unable to release JDBC Connection used for DDL execution
Hibernate: drop table category if exists
Hibernate: drop table payment if exists
2026-07-12 00:40:08.476  INFO 9500 --- [       Thread-5] o.s.b.f.support.DisposableBeanAdapter    : Invocation of destroy method failed on bean with name 'inMemoryDatabaseShutdownExecutor': org.h2.jdbc.JdbcSQLException: Database is already closed (to disable automatic closing at VM shutdown, add ";DB_CLOSE_ON_EXIT=FALSE" to the db URL) [90121-197]
2026-07-12 00:40:08.476  INFO 9500 --- [       Thread-5] com.zaxxer.hikari.HikariDataSource       : HikariPool-1 - Shutdown initiated...
Hibernate: drop table role if exists
Hibernate: drop table shipping if exists
Hibernate: drop table size if exists
Hibernate: drop table user if exists
2026-07-12 00:40:08.481  INFO 9500 --- [       Thread-5] com.zaxxer.hikari.HikariDataSource       : HikariPool-1 - Shutdown completed.
Hibernate: drop table user_order if exists
Hibernate: drop table user_role if exists
Hibernate: drop sequence if exists hibernate_sequence
